
===================================================
RUN START
Run ID: 2026-07-30_06-25-26
Timestamp: 2026-07-30T06:25:26.603Z
Target: https://raghadkids.com
Environment: production
===================================================
[INFO] 2026-07-30T06:25:26.612Z - ====================================================
[INFO] 2026-07-30T06:25:26.613Z -    AUDIT TOOLKIT — COLLECTOR V1.1.0 (STABILIZED)   
[INFO] 2026-07-30T06:25:26.614Z - ====================================================
[INFO] 2026-07-30T06:25:26.615Z - Run ID / Timestamp: 2026-07-30_06-25-26
[INFO] 2026-07-30T06:25:26.618Z - Loaded configuration for target: https://raghadkids.com
[INFO] 2026-07-30T06:25:26.620Z - Environment: production | Headless: true | Max Retries: 3 (Initial + 3 retries)
[INFO] 2026-07-30T06:25:26.621Z - Timestamped evidence directory: C:\abdo\Raghad2\raghad-commerce-platform\tools\audit-toolkit\output\2026-07-30_06-25-26\WA-01_EVIDENCE
[INFO] 2026-07-30T06:25:26.623Z - Starting evidence collection for target: "https://raghadkids.com" (slug: "homepage")...
[INFO] 2026-07-30T06:25:26.624Z - Launching Playwright Chromium browser (headless: true)...
[INFO] 2026-07-30T06:25:26.843Z - Capturing Desktop screenshot (1440x900) for https://raghadkids.com...
[SUCCESS] 2026-07-30T06:25:44.611Z - Desktop screenshot saved: C:\abdo\Raghad2\raghad-commerce-platform\tools\audit-toolkit\output\2026-07-30_06-25-26\WA-01_EVIDENCE\screenshots\desktop\homepage-desktop.png
[INFO] 2026-07-30T06:25:44.626Z - Capturing Mobile screenshot (390x844) for https://raghadkids.com...
[SUCCESS] 2026-07-30T06:25:58.493Z - Mobile screenshot saved: C:\abdo\Raghad2\raghad-commerce-platform\tools\audit-toolkit\output\2026-07-30_06-25-26\WA-01_EVIDENCE\screenshots\mobile\homepage-mobile.png
[INFO] 2026-07-30T06:25:58.503Z - Capturing console logs for https://raghadkids.com...
[SUCCESS] 2026-07-30T06:26:13.449Z - Console log exported: C:\abdo\Raghad2\raghad-commerce-platform\tools\audit-toolkit\output\2026-07-30_06-25-26\WA-01_EVIDENCE\console\console-homepage-errors.log (13 messages)
[INFO] 2026-07-30T06:26:13.465Z - Capturing network HAR for https://raghadkids.com...
[SUCCESS] 2026-07-30T06:26:32.277Z - Network HAR exported: C:\abdo\Raghad2\raghad-commerce-platform\tools\audit-toolkit\output\2026-07-30_06-25-26\WA-01_EVIDENCE\network\network-homepage.har
[INFO] 2026-07-30T06:26:32.557Z - Playwright browser session closed.
[INFO] 2026-07-30T06:26:32.558Z - Launching Lighthouse environment for https://raghadkids.com...
[INFO] 2026-07-30T06:26:32.560Z - Lighthouse using Playwright Chromium binary: C:\Users\m7mad\AppData\Local\ms-playwright\chromium-1234\chrome-win64\chrome.exe
[INFO] 2026-07-30T06:26:32.561Z - Executing Lighthouse Mobile audit...
[SUCCESS] 2026-07-30T06:26:54.612Z - Lighthouse Mobile HTML saved: C:\abdo\Raghad2\raghad-commerce-platform\tools\audit-toolkit\output\2026-07-30_06-25-26\WA-01_EVIDENCE\performance\lighthouse-homepage-mobile.html
[SUCCESS] 2026-07-30T06:26:54.613Z - Lighthouse Mobile JSON saved: C:\abdo\Raghad2\raghad-commerce-platform\tools\audit-toolkit\output\2026-07-30_06-25-26\WA-01_EVIDENCE\performance\lighthouse-homepage-mobile.json
[WARN] 2026-07-30T06:26:54.908Z - Chrome cleanup note: EPERM, Permission denied: \\?\C:\Users\m7mad\AppData\Local\Temp\lighthouse.37780319 '\\?\C:\Users\m7mad\AppData\Local\Temp\lighthouse.37780319'
[INFO] 2026-07-30T06:26:54.909Z - Executing Lighthouse Desktop audit...
[SUCCESS] 2026-07-30T06:27:25.359Z - Lighthouse Desktop HTML saved: C:\abdo\Raghad2\raghad-commerce-platform\tools\audit-toolkit\output\2026-07-30_06-25-26\WA-01_EVIDENCE\performance\lighthouse-homepage-desktop.html
[SUCCESS] 2026-07-30T06:27:25.359Z - Lighthouse Desktop JSON saved: C:\abdo\Raghad2\raghad-commerce-platform\tools\audit-toolkit\output\2026-07-30_06-25-26\WA-01_EVIDENCE\performance\lighthouse-homepage-desktop.json
[WARN] 2026-07-30T06:27:25.681Z - Chrome cleanup note: EPERM, Permission denied: \\?\C:\Users\m7mad\AppData\Local\Temp\lighthouse.61577211 '\\?\C:\Users\m7mad\AppData\Local\Temp\lighthouse.61577211'
[SUCCESS] 2026-07-30T06:27:25.683Z - Evidence collection workflow finished.
[SUCCESS] 2026-07-30T06:27:25.691Z - Technical manifest generated: C:\abdo\Raghad2\raghad-commerce-platform\tools\audit-toolkit\output\2026-07-30_06-25-26\WA-01_EVIDENCE\manifest\manifest.json
[INFO] 2026-07-30T06:27:25.692Z - ====================================================
[SUCCESS] 2026-07-30T06:27:25.693Z -    COLLECTION COMPLETED WITH ZERO ERRORS (8 evidence artifacts)
[INFO] 2026-07-30T06:27:25.694Z - ====================================================
