
===================================================
RUN START
Run ID: 2026-07-30_14-41-15
Timestamp: 2026-07-30T14:41:15.049Z
Target: https://raghadkids.com
Environment: production
===================================================
[INFO] 2026-07-30T14:41:15.063Z - ====================================================
[INFO] 2026-07-30T14:41:15.065Z -    AUDIT TOOLKIT — COMPLETE PIPELINE V1 (AT-01..06) 
[INFO] 2026-07-30T14:41:15.066Z - ====================================================
[INFO] 2026-07-30T14:41:15.068Z - Run ID / Timestamp: 2026-07-30_14-41-15
[INFO] 2026-07-30T14:41:15.069Z - Loaded configuration for target: https://raghadkids.com
[INFO] 2026-07-30T14:41:15.070Z - Environment: production | Headless: true | Max Retries: 3 | Provider: mock
[INFO] 2026-07-30T14:41:15.071Z - Timestamped evidence directory: C:\abdo\Raghad2\raghad-commerce-platform\tools\audit-toolkit\output\2026-07-30_14-41-15\WA-01_EVIDENCE
[INFO] 2026-07-30T14:41:15.072Z - Starting evidence collection for target: "https://raghadkids.com" (slug: "homepage")...
[INFO] 2026-07-30T14:41:15.073Z - Launching Playwright Chromium browser (headless: true)...
[INFO] 2026-07-30T14:41:15.278Z - Capturing Desktop screenshot (1440x900) for https://raghadkids.com...
[SUCCESS] 2026-07-30T14:41:33.219Z - Desktop screenshot saved: C:\abdo\Raghad2\raghad-commerce-platform\tools\audit-toolkit\output\2026-07-30_14-41-15\WA-01_EVIDENCE\screenshots\desktop\homepage-desktop.png
[INFO] 2026-07-30T14:41:33.247Z - Capturing Mobile screenshot (390x844) for https://raghadkids.com...
[SUCCESS] 2026-07-30T14:41:47.249Z - Mobile screenshot saved: C:\abdo\Raghad2\raghad-commerce-platform\tools\audit-toolkit\output\2026-07-30_14-41-15\WA-01_EVIDENCE\screenshots\mobile\homepage-mobile.png
[INFO] 2026-07-30T14:41:47.258Z - Capturing console logs for https://raghadkids.com...
[SUCCESS] 2026-07-30T14:42:02.611Z - Console log exported: C:\abdo\Raghad2\raghad-commerce-platform\tools\audit-toolkit\output\2026-07-30_14-41-15\WA-01_EVIDENCE\console\console-homepage-errors.log (13 messages)
[INFO] 2026-07-30T14:42:02.618Z - Capturing network HAR for https://raghadkids.com...
[SUCCESS] 2026-07-30T14:42:11.694Z - Network HAR exported: C:\abdo\Raghad2\raghad-commerce-platform\tools\audit-toolkit\output\2026-07-30_14-41-15\WA-01_EVIDENCE\network\network-homepage.har
[INFO] 2026-07-30T14:42:11.946Z - Playwright browser session closed.
[INFO] 2026-07-30T14:42:11.947Z - Launching Lighthouse environment for https://raghadkids.com...
[INFO] 2026-07-30T14:42:11.948Z - Lighthouse using Playwright Chromium binary: C:\Users\m7mad\AppData\Local\ms-playwright\chromium-1234\chrome-win64\chrome.exe
[INFO] 2026-07-30T14:42:11.949Z - Executing Lighthouse Mobile audit...
[SUCCESS] 2026-07-30T14:42:40.211Z - Lighthouse Mobile HTML saved: C:\abdo\Raghad2\raghad-commerce-platform\tools\audit-toolkit\output\2026-07-30_14-41-15\WA-01_EVIDENCE\performance\lighthouse-homepage-mobile.html
[SUCCESS] 2026-07-30T14:42:40.212Z - Lighthouse Mobile JSON saved: C:\abdo\Raghad2\raghad-commerce-platform\tools\audit-toolkit\output\2026-07-30_14-41-15\WA-01_EVIDENCE\performance\lighthouse-homepage-mobile.json
[WARN] 2026-07-30T14:42:40.623Z - Chrome cleanup note: EPERM, Permission denied: \\?\C:\Users\m7mad\AppData\Local\Temp\lighthouse.66099346 '\\?\C:\Users\m7mad\AppData\Local\Temp\lighthouse.66099346'
[INFO] 2026-07-30T14:42:40.624Z - Executing Lighthouse Desktop audit...
[SUCCESS] 2026-07-30T14:43:04.226Z - Lighthouse Desktop HTML saved: C:\abdo\Raghad2\raghad-commerce-platform\tools\audit-toolkit\output\2026-07-30_14-41-15\WA-01_EVIDENCE\performance\lighthouse-homepage-desktop.html
[SUCCESS] 2026-07-30T14:43:04.227Z - Lighthouse Desktop JSON saved: C:\abdo\Raghad2\raghad-commerce-platform\tools\audit-toolkit\output\2026-07-30_14-41-15\WA-01_EVIDENCE\performance\lighthouse-homepage-desktop.json
[WARN] 2026-07-30T14:43:04.519Z - Chrome cleanup note: EPERM, Permission denied: \\?\C:\Users\m7mad\AppData\Local\Temp\lighthouse.63067240 '\\?\C:\Users\m7mad\AppData\Local\Temp\lighthouse.63067240'
[SUCCESS] 2026-07-30T14:43:04.521Z - Evidence collection workflow finished.
[SUCCESS] 2026-07-30T14:43:04.529Z - Technical manifest generated: C:\abdo\Raghad2\raghad-commerce-platform\tools\audit-toolkit\output\2026-07-30_14-41-15\WA-01_EVIDENCE\manifest\manifest.json
[INFO] 2026-07-30T14:43:04.530Z - ====================================================
[SUCCESS] 2026-07-30T14:43:04.531Z -    COLLECTION COMPLETED WITH ZERO ERRORS (8 evidence artifacts)
[INFO] 2026-07-30T14:43:04.531Z - ====================================================
[INFO] 2026-07-30T14:43:04.532Z - ====================================================
[INFO] 2026-07-30T14:43:04.533Z -    STRUCTURED METRICS ANALYZER V1 (AT-02)           
[INFO] 2026-07-30T14:43:04.534Z - ====================================================
[SUCCESS] 2026-07-30T14:43:04.691Z - Normalized analysis document written: C:\abdo\Raghad2\raghad-commerce-platform\tools\audit-toolkit\output\2026-07-30_14-41-15\WA-01_EVIDENCE\analysis\analysis.json
[SUCCESS] 2026-07-30T14:43:04.692Z - Structured Metrics Analysis complete.
[INFO] 2026-07-30T14:43:04.693Z - ====================================================
[INFO] 2026-07-30T14:43:04.694Z -    DETERMINISTIC RULE ENGINE V1 (AT-03)             
[INFO] 2026-07-30T14:43:04.695Z - ====================================================
[INFO] 2026-07-30T14:43:04.697Z - Evaluated 16 rules: 5 PASSED, 11 FAILED, 0 SKIPPED
[SUCCESS] 2026-07-30T14:43:04.700Z - Deterministic rules document written: C:\abdo\Raghad2\raghad-commerce-platform\tools\audit-toolkit\output\2026-07-30_14-41-15\WA-01_EVIDENCE\analysis\rules.json
[SUCCESS] 2026-07-30T14:43:04.701Z - Rule Engine evaluation complete.
[INFO] 2026-07-30T14:43:04.702Z - ====================================================
[INFO] 2026-07-30T14:43:04.703Z -    DETERMINISTIC FINDING BUILDER V1 (AT-04)         
[INFO] 2026-07-30T14:43:04.703Z - ====================================================
[INFO] 2026-07-30T14:43:04.707Z - Generated 11 findings (2 Critical, 5 High, 4 Medium, 0 Low)
[SUCCESS] 2026-07-30T14:43:04.709Z - Deterministic findings document written: C:\abdo\Raghad2\raghad-commerce-platform\tools\audit-toolkit\output\2026-07-30_14-41-15\WA-01_EVIDENCE\analysis\findings.json
[SUCCESS] 2026-07-30T14:43:04.710Z - Finding Builder execution complete.
[INFO] 2026-07-30T14:43:04.714Z - ====================================================
[INFO] 2026-07-30T14:43:04.715Z -    AUDIT CONTEXT BUILDER V1 (AT-05)                 
[INFO] 2026-07-30T14:43:04.716Z - ====================================================
[SUCCESS] 2026-07-30T14:43:04.729Z - Audit context package written: C:\abdo\Raghad2\raghad-commerce-platform\tools\audit-toolkit\output\2026-07-30_14-41-15\WA-01_EVIDENCE\context\audit-package.json
[SUCCESS] 2026-07-30T14:43:04.731Z - Audit Context Package assembled successfully.
[INFO] 2026-07-30T14:43:04.733Z - ====================================================
[INFO] 2026-07-30T14:43:04.733Z -    AI REPORT BUILDER V1 (AT-06)                     
[INFO] 2026-07-30T14:43:04.734Z - ====================================================
[INFO] 2026-07-30T14:43:04.736Z - Generating audit report using provider: "mock"
[INFO] 2026-07-30T14:43:04.737Z - Generated report (v1.0.0) with 11 recommendations using provider "mock"
[SUCCESS] 2026-07-30T14:43:04.739Z - Versioned report document written: C:\abdo\Raghad2\raghad-commerce-platform\tools\audit-toolkit\output\2026-07-30_14-41-15\WA-01_EVIDENCE\context\report.json
[SUCCESS] 2026-07-30T14:43:04.740Z - AI Report Builder execution complete.
