
===================================================
RUN START
Run ID: 2026-07-30_14-06-32
Timestamp: 2026-07-30T14:06:32.555Z
Target: https://raghadkids.com
Environment: production
===================================================
[INFO] 2026-07-30T14:06:32.582Z - ====================================================
[INFO] 2026-07-30T14:06:32.587Z -    AUDIT TOOLKIT — COLLECTOR & ANALYZER V1          
[INFO] 2026-07-30T14:06:32.590Z - ====================================================
[INFO] 2026-07-30T14:06:32.592Z - Run ID / Timestamp: 2026-07-30_14-06-32
[INFO] 2026-07-30T14:06:32.596Z - Loaded configuration for target: https://raghadkids.com
[INFO] 2026-07-30T14:06:32.600Z - Environment: production | Headless: true | Max Retries: 3 (Initial + 3 retries)
[INFO] 2026-07-30T14:06:32.604Z - Timestamped evidence directory: C:\abdo\Raghad2\raghad-commerce-platform\tools\audit-toolkit\output\2026-07-30_14-06-32\WA-01_EVIDENCE
[INFO] 2026-07-30T14:06:32.610Z - Starting evidence collection for target: "https://raghadkids.com" (slug: "homepage")...
[INFO] 2026-07-30T14:06:32.613Z - Launching Playwright Chromium browser (headless: true)...
[INFO] 2026-07-30T14:06:33.505Z - Capturing Desktop screenshot (1440x900) for https://raghadkids.com...
[SUCCESS] 2026-07-30T14:06:59.683Z - Desktop screenshot saved: C:\abdo\Raghad2\raghad-commerce-platform\tools\audit-toolkit\output\2026-07-30_14-06-32\WA-01_EVIDENCE\screenshots\desktop\homepage-desktop.png
[INFO] 2026-07-30T14:06:59.726Z - Capturing Mobile screenshot (390x844) for https://raghadkids.com...
[SUCCESS] 2026-07-30T14:07:11.377Z - Mobile screenshot saved: C:\abdo\Raghad2\raghad-commerce-platform\tools\audit-toolkit\output\2026-07-30_14-06-32\WA-01_EVIDENCE\screenshots\mobile\homepage-mobile.png
[INFO] 2026-07-30T14:07:11.394Z - Capturing console logs for https://raghadkids.com...
[SUCCESS] 2026-07-30T14:07:22.689Z - Console log exported: C:\abdo\Raghad2\raghad-commerce-platform\tools\audit-toolkit\output\2026-07-30_14-06-32\WA-01_EVIDENCE\console\console-homepage-errors.log (13 messages)
[INFO] 2026-07-30T14:07:22.711Z - Capturing network HAR for https://raghadkids.com...
[SUCCESS] 2026-07-30T14:07:31.429Z - Network HAR exported: C:\abdo\Raghad2\raghad-commerce-platform\tools\audit-toolkit\output\2026-07-30_14-06-32\WA-01_EVIDENCE\network\network-homepage.har
[INFO] 2026-07-30T14:07:31.809Z - Playwright browser session closed.
[INFO] 2026-07-30T14:07:31.810Z - Launching Lighthouse environment for https://raghadkids.com...
[INFO] 2026-07-30T14:07:31.813Z - Lighthouse using Playwright Chromium binary: C:\Users\m7mad\AppData\Local\ms-playwright\chromium-1234\chrome-win64\chrome.exe
[INFO] 2026-07-30T14:07:31.814Z - Executing Lighthouse Mobile audit...
[SUCCESS] 2026-07-30T14:07:53.603Z - Lighthouse Mobile HTML saved: C:\abdo\Raghad2\raghad-commerce-platform\tools\audit-toolkit\output\2026-07-30_14-06-32\WA-01_EVIDENCE\performance\lighthouse-homepage-mobile.html
[SUCCESS] 2026-07-30T14:07:53.604Z - Lighthouse Mobile JSON saved: C:\abdo\Raghad2\raghad-commerce-platform\tools\audit-toolkit\output\2026-07-30_14-06-32\WA-01_EVIDENCE\performance\lighthouse-homepage-mobile.json
[WARN] 2026-07-30T14:07:53.881Z - Chrome cleanup note: EPERM, Permission denied: \\?\C:\Users\m7mad\AppData\Local\Temp\lighthouse.50007464 '\\?\C:\Users\m7mad\AppData\Local\Temp\lighthouse.50007464'
[INFO] 2026-07-30T14:07:53.883Z - Executing Lighthouse Desktop audit...
[SUCCESS] 2026-07-30T14:08:16.981Z - Lighthouse Desktop HTML saved: C:\abdo\Raghad2\raghad-commerce-platform\tools\audit-toolkit\output\2026-07-30_14-06-32\WA-01_EVIDENCE\performance\lighthouse-homepage-desktop.html
[SUCCESS] 2026-07-30T14:08:16.982Z - Lighthouse Desktop JSON saved: C:\abdo\Raghad2\raghad-commerce-platform\tools\audit-toolkit\output\2026-07-30_14-06-32\WA-01_EVIDENCE\performance\lighthouse-homepage-desktop.json
[WARN] 2026-07-30T14:08:17.311Z - Chrome cleanup note: EPERM, Permission denied: \\?\C:\Users\m7mad\AppData\Local\Temp\lighthouse.12246427 '\\?\C:\Users\m7mad\AppData\Local\Temp\lighthouse.12246427'
[SUCCESS] 2026-07-30T14:08:17.312Z - Evidence collection workflow finished.
[SUCCESS] 2026-07-30T14:08:17.320Z - Technical manifest generated: C:\abdo\Raghad2\raghad-commerce-platform\tools\audit-toolkit\output\2026-07-30_14-06-32\WA-01_EVIDENCE\manifest\manifest.json
[INFO] 2026-07-30T14:08:17.321Z - ====================================================
[SUCCESS] 2026-07-30T14:08:17.322Z -    COLLECTION COMPLETED WITH ZERO ERRORS (8 evidence artifacts)
[INFO] 2026-07-30T14:08:17.323Z - ====================================================
[INFO] 2026-07-30T14:08:17.324Z - ====================================================
[INFO] 2026-07-30T14:08:17.325Z -    STRUCTURED METRICS ANALYZER V1 (AT-02)           
[INFO] 2026-07-30T14:08:17.326Z - ====================================================
[SUCCESS] 2026-07-30T14:08:17.493Z - Normalized analysis document written: C:\abdo\Raghad2\raghad-commerce-platform\tools\audit-toolkit\output\2026-07-30_14-06-32\WA-01_EVIDENCE\analysis\analysis.json
[SUCCESS] 2026-07-30T14:08:17.494Z - Structured Metrics Analysis complete.
