
===================================================
RUN START
Run ID: 2026-07-30_14-14-28
Timestamp: 2026-07-30T14:14:28.202Z
Target: https://raghadkids.com
Environment: production
===================================================
[INFO] 2026-07-30T14:14:28.209Z - ====================================================
[INFO] 2026-07-30T14:14:28.210Z -    AUDIT TOOLKIT — COLLECTOR, ANALYZER & RULES V1  
[INFO] 2026-07-30T14:14:28.211Z - ====================================================
[INFO] 2026-07-30T14:14:28.212Z - Run ID / Timestamp: 2026-07-30_14-14-28
[INFO] 2026-07-30T14:14:28.213Z - Loaded configuration for target: https://raghadkids.com
[INFO] 2026-07-30T14:14:28.213Z - Environment: production | Headless: true | Max Retries: 3 (Initial + 3 retries)
[INFO] 2026-07-30T14:14:28.214Z - Timestamped evidence directory: C:\abdo\Raghad2\raghad-commerce-platform\tools\audit-toolkit\output\2026-07-30_14-14-28\WA-01_EVIDENCE
[INFO] 2026-07-30T14:14:28.215Z - Starting evidence collection for target: "https://raghadkids.com" (slug: "homepage")...
[INFO] 2026-07-30T14:14:28.216Z - Launching Playwright Chromium browser (headless: true)...
[INFO] 2026-07-30T14:14:28.403Z - Capturing Desktop screenshot (1440x900) for https://raghadkids.com...
[SUCCESS] 2026-07-30T14:14:35.635Z - Desktop screenshot saved: C:\abdo\Raghad2\raghad-commerce-platform\tools\audit-toolkit\output\2026-07-30_14-14-28\WA-01_EVIDENCE\screenshots\desktop\homepage-desktop.png
[INFO] 2026-07-30T14:14:35.651Z - Capturing Mobile screenshot (390x844) for https://raghadkids.com...
[SUCCESS] 2026-07-30T14:14:42.422Z - Mobile screenshot saved: C:\abdo\Raghad2\raghad-commerce-platform\tools\audit-toolkit\output\2026-07-30_14-14-28\WA-01_EVIDENCE\screenshots\mobile\homepage-mobile.png
[INFO] 2026-07-30T14:14:42.433Z - Capturing console logs for https://raghadkids.com...
[SUCCESS] 2026-07-30T14:14:52.305Z - Console log exported: C:\abdo\Raghad2\raghad-commerce-platform\tools\audit-toolkit\output\2026-07-30_14-14-28\WA-01_EVIDENCE\console\console-homepage-errors.log (13 messages)
[INFO] 2026-07-30T14:14:52.314Z - Capturing network HAR for https://raghadkids.com...
[SUCCESS] 2026-07-30T14:14:59.507Z - Network HAR exported: C:\abdo\Raghad2\raghad-commerce-platform\tools\audit-toolkit\output\2026-07-30_14-14-28\WA-01_EVIDENCE\network\network-homepage.har
[INFO] 2026-07-30T14:14:59.815Z - Playwright browser session closed.
[INFO] 2026-07-30T14:14:59.816Z - Launching Lighthouse environment for https://raghadkids.com...
[INFO] 2026-07-30T14:14:59.818Z - Lighthouse using Playwright Chromium binary: C:\Users\m7mad\AppData\Local\ms-playwright\chromium-1234\chrome-win64\chrome.exe
[INFO] 2026-07-30T14:14:59.819Z - Executing Lighthouse Mobile audit...
[SUCCESS] 2026-07-30T14:15:26.314Z - Lighthouse Mobile HTML saved: C:\abdo\Raghad2\raghad-commerce-platform\tools\audit-toolkit\output\2026-07-30_14-14-28\WA-01_EVIDENCE\performance\lighthouse-homepage-mobile.html
[SUCCESS] 2026-07-30T14:15:26.316Z - Lighthouse Mobile JSON saved: C:\abdo\Raghad2\raghad-commerce-platform\tools\audit-toolkit\output\2026-07-30_14-14-28\WA-01_EVIDENCE\performance\lighthouse-homepage-mobile.json
[WARN] 2026-07-30T14:15:26.615Z - Chrome cleanup note: EPERM, Permission denied: \\?\C:\Users\m7mad\AppData\Local\Temp\lighthouse.17117620 '\\?\C:\Users\m7mad\AppData\Local\Temp\lighthouse.17117620'
[INFO] 2026-07-30T14:15:26.616Z - Executing Lighthouse Desktop audit...
[SUCCESS] 2026-07-30T14:15:59.330Z - Lighthouse Desktop HTML saved: C:\abdo\Raghad2\raghad-commerce-platform\tools\audit-toolkit\output\2026-07-30_14-14-28\WA-01_EVIDENCE\performance\lighthouse-homepage-desktop.html
[SUCCESS] 2026-07-30T14:15:59.330Z - Lighthouse Desktop JSON saved: C:\abdo\Raghad2\raghad-commerce-platform\tools\audit-toolkit\output\2026-07-30_14-14-28\WA-01_EVIDENCE\performance\lighthouse-homepage-desktop.json
[WARN] 2026-07-30T14:15:59.616Z - Chrome cleanup note: EPERM, Permission denied: \\?\C:\Users\m7mad\AppData\Local\Temp\lighthouse.83669373 '\\?\C:\Users\m7mad\AppData\Local\Temp\lighthouse.83669373'
[SUCCESS] 2026-07-30T14:15:59.617Z - Evidence collection workflow finished.
[SUCCESS] 2026-07-30T14:15:59.628Z - Technical manifest generated: C:\abdo\Raghad2\raghad-commerce-platform\tools\audit-toolkit\output\2026-07-30_14-14-28\WA-01_EVIDENCE\manifest\manifest.json
[INFO] 2026-07-30T14:15:59.630Z - ====================================================
[SUCCESS] 2026-07-30T14:15:59.631Z -    COLLECTION COMPLETED WITH ZERO ERRORS (8 evidence artifacts)
[INFO] 2026-07-30T14:15:59.631Z - ====================================================
[INFO] 2026-07-30T14:15:59.632Z - ====================================================
[INFO] 2026-07-30T14:15:59.634Z -    STRUCTURED METRICS ANALYZER V1 (AT-02)           
[INFO] 2026-07-30T14:15:59.636Z - ====================================================
[SUCCESS] 2026-07-30T14:15:59.769Z - Normalized analysis document written: C:\abdo\Raghad2\raghad-commerce-platform\tools\audit-toolkit\output\2026-07-30_14-14-28\WA-01_EVIDENCE\analysis\analysis.json
[SUCCESS] 2026-07-30T14:15:59.770Z - Structured Metrics Analysis complete.
[INFO] 2026-07-30T14:15:59.771Z - ====================================================
[INFO] 2026-07-30T14:15:59.772Z -    DETERMINISTIC RULE ENGINE V1 (AT-03)             
[INFO] 2026-07-30T14:15:59.774Z - ====================================================
[INFO] 2026-07-30T14:15:59.778Z - Evaluated 16 rules: 5 PASSED, 11 FAILED, 0 SKIPPED
[SUCCESS] 2026-07-30T14:15:59.781Z - Deterministic rules document written: C:\abdo\Raghad2\raghad-commerce-platform\tools\audit-toolkit\output\2026-07-30_14-14-28\WA-01_EVIDENCE\analysis\rules.json
[SUCCESS] 2026-07-30T14:15:59.782Z - Rule Engine evaluation complete.
