
===================================================
RUN START
Run ID: 2026-07-30_14-21-40
Timestamp: 2026-07-30T14:21:40.418Z
Target: https://raghadkids.com
Environment: production
===================================================
[INFO] 2026-07-30T14:21:40.426Z - ====================================================
[INFO] 2026-07-30T14:21:40.428Z -    AUDIT TOOLKIT — COMPLETE PIPELINE V1 (AT-01..05) 
[INFO] 2026-07-30T14:21:40.429Z - ====================================================
[INFO] 2026-07-30T14:21:40.430Z - Run ID / Timestamp: 2026-07-30_14-21-40
[INFO] 2026-07-30T14:21:40.431Z - Loaded configuration for target: https://raghadkids.com
[INFO] 2026-07-30T14:21:40.432Z - Environment: production | Headless: true | Max Retries: 3 (Initial + 3 retries)
[INFO] 2026-07-30T14:21:40.433Z - Timestamped evidence directory: C:\abdo\Raghad2\raghad-commerce-platform\tools\audit-toolkit\output\2026-07-30_14-21-40\WA-01_EVIDENCE
[INFO] 2026-07-30T14:21:40.433Z - Starting evidence collection for target: "https://raghadkids.com" (slug: "homepage")...
[INFO] 2026-07-30T14:21:40.434Z - Launching Playwright Chromium browser (headless: true)...
[INFO] 2026-07-30T14:21:40.622Z - Capturing Desktop screenshot (1440x900) for https://raghadkids.com...
[SUCCESS] 2026-07-30T14:21:50.650Z - Desktop screenshot saved: C:\abdo\Raghad2\raghad-commerce-platform\tools\audit-toolkit\output\2026-07-30_14-21-40\WA-01_EVIDENCE\screenshots\desktop\homepage-desktop.png
[INFO] 2026-07-30T14:21:50.663Z - Capturing Mobile screenshot (390x844) for https://raghadkids.com...
[SUCCESS] 2026-07-30T14:22:03.481Z - Mobile screenshot saved: C:\abdo\Raghad2\raghad-commerce-platform\tools\audit-toolkit\output\2026-07-30_14-21-40\WA-01_EVIDENCE\screenshots\mobile\homepage-mobile.png
[INFO] 2026-07-30T14:22:03.489Z - Capturing console logs for https://raghadkids.com...
[SUCCESS] 2026-07-30T14:22:16.312Z - Console log exported: C:\abdo\Raghad2\raghad-commerce-platform\tools\audit-toolkit\output\2026-07-30_14-21-40\WA-01_EVIDENCE\console\console-homepage-errors.log (13 messages)
[INFO] 2026-07-30T14:22:16.320Z - Capturing network HAR for https://raghadkids.com...
[SUCCESS] 2026-07-30T14:22:23.312Z - Network HAR exported: C:\abdo\Raghad2\raghad-commerce-platform\tools\audit-toolkit\output\2026-07-30_14-21-40\WA-01_EVIDENCE\network\network-homepage.har
[INFO] 2026-07-30T14:22:23.538Z - Playwright browser session closed.
[INFO] 2026-07-30T14:22:23.539Z - Launching Lighthouse environment for https://raghadkids.com...
[INFO] 2026-07-30T14:22:23.540Z - Lighthouse using Playwright Chromium binary: C:\Users\m7mad\AppData\Local\ms-playwright\chromium-1234\chrome-win64\chrome.exe
[INFO] 2026-07-30T14:22:23.541Z - Executing Lighthouse Mobile audit...
[SUCCESS] 2026-07-30T14:22:44.091Z - Lighthouse Mobile HTML saved: C:\abdo\Raghad2\raghad-commerce-platform\tools\audit-toolkit\output\2026-07-30_14-21-40\WA-01_EVIDENCE\performance\lighthouse-homepage-mobile.html
[SUCCESS] 2026-07-30T14:22:44.092Z - Lighthouse Mobile JSON saved: C:\abdo\Raghad2\raghad-commerce-platform\tools\audit-toolkit\output\2026-07-30_14-21-40\WA-01_EVIDENCE\performance\lighthouse-homepage-mobile.json
[WARN] 2026-07-30T14:22:44.364Z - Chrome cleanup note: EPERM, Permission denied: \\?\C:\Users\m7mad\AppData\Local\Temp\lighthouse.63101041 '\\?\C:\Users\m7mad\AppData\Local\Temp\lighthouse.63101041'
[INFO] 2026-07-30T14:22:44.365Z - Executing Lighthouse Desktop audit...
[SUCCESS] 2026-07-30T14:23:07.167Z - Lighthouse Desktop HTML saved: C:\abdo\Raghad2\raghad-commerce-platform\tools\audit-toolkit\output\2026-07-30_14-21-40\WA-01_EVIDENCE\performance\lighthouse-homepage-desktop.html
[SUCCESS] 2026-07-30T14:23:07.169Z - Lighthouse Desktop JSON saved: C:\abdo\Raghad2\raghad-commerce-platform\tools\audit-toolkit\output\2026-07-30_14-21-40\WA-01_EVIDENCE\performance\lighthouse-homepage-desktop.json
[WARN] 2026-07-30T14:23:07.644Z - Chrome cleanup note: EPERM, Permission denied: \\?\C:\Users\m7mad\AppData\Local\Temp\lighthouse.82318908 '\\?\C:\Users\m7mad\AppData\Local\Temp\lighthouse.82318908'
[SUCCESS] 2026-07-30T14:23:07.647Z - Evidence collection workflow finished.
[SUCCESS] 2026-07-30T14:23:07.661Z - Technical manifest generated: C:\abdo\Raghad2\raghad-commerce-platform\tools\audit-toolkit\output\2026-07-30_14-21-40\WA-01_EVIDENCE\manifest\manifest.json
[INFO] 2026-07-30T14:23:07.669Z - ====================================================
[SUCCESS] 2026-07-30T14:23:07.675Z -    COLLECTION COMPLETED WITH ZERO ERRORS (8 evidence artifacts)
[INFO] 2026-07-30T14:23:07.677Z - ====================================================
[INFO] 2026-07-30T14:23:07.681Z - ====================================================
[INFO] 2026-07-30T14:23:07.688Z -    STRUCTURED METRICS ANALYZER V1 (AT-02)           
[INFO] 2026-07-30T14:23:07.695Z - ====================================================
[SUCCESS] 2026-07-30T14:23:07.908Z - Normalized analysis document written: C:\abdo\Raghad2\raghad-commerce-platform\tools\audit-toolkit\output\2026-07-30_14-21-40\WA-01_EVIDENCE\analysis\analysis.json
[SUCCESS] 2026-07-30T14:23:07.910Z - Structured Metrics Analysis complete.
[INFO] 2026-07-30T14:23:07.913Z - ====================================================
[INFO] 2026-07-30T14:23:07.914Z -    DETERMINISTIC RULE ENGINE V1 (AT-03)             
[INFO] 2026-07-30T14:23:07.922Z - ====================================================
[INFO] 2026-07-30T14:23:07.927Z - Evaluated 16 rules: 5 PASSED, 11 FAILED, 0 SKIPPED
[SUCCESS] 2026-07-30T14:23:07.932Z - Deterministic rules document written: C:\abdo\Raghad2\raghad-commerce-platform\tools\audit-toolkit\output\2026-07-30_14-21-40\WA-01_EVIDENCE\analysis\rules.json
[SUCCESS] 2026-07-30T14:23:07.933Z - Rule Engine evaluation complete.
[INFO] 2026-07-30T14:23:07.936Z - ====================================================
[INFO] 2026-07-30T14:23:07.938Z -    DETERMINISTIC FINDING BUILDER V1 (AT-05)         
[INFO] 2026-07-30T14:23:07.939Z - ====================================================
[INFO] 2026-07-30T14:23:07.943Z - Generated 11 findings (2 Critical, 5 High, 4 Medium, 0 Low)
[SUCCESS] 2026-07-30T14:23:07.947Z - Deterministic findings document written: C:\abdo\Raghad2\raghad-commerce-platform\tools\audit-toolkit\output\2026-07-30_14-21-40\WA-01_EVIDENCE\analysis\findings.json
[SUCCESS] 2026-07-30T14:23:07.948Z - Finding Builder execution complete.
[INFO] 2026-07-30T14:23:07.950Z - ====================================================
[INFO] 2026-07-30T14:23:07.952Z -    AUDIT CONTEXT BUILDER V1 (AT-04)                 
[INFO] 2026-07-30T14:23:07.953Z - ====================================================
[SUCCESS] 2026-07-30T14:23:07.967Z - Audit context package written: C:\abdo\Raghad2\raghad-commerce-platform\tools\audit-toolkit\output\2026-07-30_14-21-40\WA-01_EVIDENCE\context\audit-package.json
[SUCCESS] 2026-07-30T14:23:07.969Z - Audit Context Package assembled successfully.
