[INFO] 2026-07-30T06:18:02.672Z - ====================================================
[INFO] 2026-07-30T06:18:02.675Z -    AUDIT TOOLKIT — COLLECTOR V1.1.0                
[INFO] 2026-07-30T06:18:02.676Z - ====================================================
[INFO] 2026-07-30T06:18:02.678Z - Run ID / Timestamp: 2026-07-30_06-18-02
[INFO] 2026-07-30T06:18:02.679Z - Loaded configuration for target: https://raghadkids.com
[INFO] 2026-07-30T06:18:02.680Z - Environment: production | Headless: true | Max Retries: 3
[INFO] 2026-07-30T06:18:02.681Z - Timestamped evidence directory: C:\abdo\Raghad2\raghad-commerce-platform\tools\audit-toolkit\output\2026-07-30_06-18-02\WA-01_EVIDENCE
[INFO] 2026-07-30T06:18:02.683Z - Starting evidence collection for target: "https://raghadkids.com" (slug: "homepage")...
[INFO] 2026-07-30T06:18:02.685Z - Launching Playwright Chromium browser (headless: true)...
[INFO] 2026-07-30T06:18:02.846Z - Capturing Desktop screenshot (1440x900) for https://raghadkids.com...
[SUCCESS] 2026-07-30T06:18:10.865Z - Desktop screenshot saved: C:\abdo\Raghad2\raghad-commerce-platform\tools\audit-toolkit\output\2026-07-30_06-18-02\WA-01_EVIDENCE\screenshots\desktop\homepage-desktop.png
[INFO] 2026-07-30T06:18:10.881Z - Capturing Mobile screenshot (390x844) for https://raghadkids.com...
[SUCCESS] 2026-07-30T06:18:17.491Z - Mobile screenshot saved: C:\abdo\Raghad2\raghad-commerce-platform\tools\audit-toolkit\output\2026-07-30_06-18-02\WA-01_EVIDENCE\screenshots\mobile\homepage-mobile.png
[INFO] 2026-07-30T06:18:17.497Z - Capturing console logs for https://raghadkids.com...
[SUCCESS] 2026-07-30T06:18:27.227Z - Console log exported: C:\abdo\Raghad2\raghad-commerce-platform\tools\audit-toolkit\output\2026-07-30_06-18-02\WA-01_EVIDENCE\console\console-homepage.log (13 messages)
[INFO] 2026-07-30T06:18:27.242Z - Capturing network HAR for https://raghadkids.com...
[SUCCESS] 2026-07-30T06:18:43.722Z - Network HAR exported: C:\abdo\Raghad2\raghad-commerce-platform\tools\audit-toolkit\output\2026-07-30_06-18-02\WA-01_EVIDENCE\network\network-homepage.har
[INFO] 2026-07-30T06:18:43.976Z - Playwright browser session closed.
[INFO] 2026-07-30T06:18:43.977Z - Launching Lighthouse environment for https://raghadkids.com...
[INFO] 2026-07-30T06:18:43.979Z - Executing Lighthouse Mobile audit...
[SUCCESS] 2026-07-30T06:19:08.257Z - Lighthouse Mobile HTML saved: C:\abdo\Raghad2\raghad-commerce-platform\tools\audit-toolkit\output\2026-07-30_06-18-02\WA-01_EVIDENCE\performance\lighthouse-homepage-mobile.html
[SUCCESS] 2026-07-30T06:19:08.258Z - Lighthouse Mobile JSON saved: C:\abdo\Raghad2\raghad-commerce-platform\tools\audit-toolkit\output\2026-07-30_06-18-02\WA-01_EVIDENCE\performance\lighthouse-homepage-mobile.json
[WARN] 2026-07-30T06:19:08.593Z - Chrome cleanup note: EPERM, Permission denied: \\?\C:\Users\m7mad\AppData\Local\Temp\lighthouse.37945505 '\\?\C:\Users\m7mad\AppData\Local\Temp\lighthouse.37945505'
[INFO] 2026-07-30T06:19:08.594Z - Executing Lighthouse Desktop audit...
[SUCCESS] 2026-07-30T06:19:33.662Z - Lighthouse Desktop HTML saved: C:\abdo\Raghad2\raghad-commerce-platform\tools\audit-toolkit\output\2026-07-30_06-18-02\WA-01_EVIDENCE\performance\lighthouse-homepage-desktop.html
[SUCCESS] 2026-07-30T06:19:33.663Z - Lighthouse Desktop JSON saved: C:\abdo\Raghad2\raghad-commerce-platform\tools\audit-toolkit\output\2026-07-30_06-18-02\WA-01_EVIDENCE\performance\lighthouse-homepage-desktop.json
[WARN] 2026-07-30T06:19:33.994Z - Chrome cleanup note: EPERM, Permission denied: \\?\C:\Users\m7mad\AppData\Local\Temp\lighthouse.48015403 '\\?\C:\Users\m7mad\AppData\Local\Temp\lighthouse.48015403'
[SUCCESS] 2026-07-30T06:19:33.995Z - Evidence collection workflow finished.
[SUCCESS] 2026-07-30T06:19:34.003Z - Technical manifest generated: C:\abdo\Raghad2\raghad-commerce-platform\tools\audit-toolkit\output\2026-07-30_06-18-02\WA-01_EVIDENCE\manifest\manifest.json
[INFO] 2026-07-30T06:19:34.004Z - ====================================================
[SUCCESS] 2026-07-30T06:19:34.005Z -    COLLECTION COMPLETED WITH ZERO ERRORS (9 artifacts)
[INFO] 2026-07-30T06:19:34.006Z - ====================================================
