[INFO] 2026-07-30T06:16:31.812Z - ====================================================
[INFO] 2026-07-30T06:16:31.814Z -    AUDIT TOOLKIT — COLLECTOR V1.1.0                
[INFO] 2026-07-30T06:16:31.815Z - ====================================================
[INFO] 2026-07-30T06:16:31.816Z - Run ID / Timestamp: 2026-07-30_06-16-31
[INFO] 2026-07-30T06:16:31.817Z - Loaded configuration for target: https://raghadkids.com
[INFO] 2026-07-30T06:16:31.818Z - Environment: production | Headless: true | Max Retries: 3
[INFO] 2026-07-30T06:16:31.819Z - Timestamped evidence directory: C:\abdo\Raghad2\raghad-commerce-platform\tools\audit-toolkit\output\2026-07-30_06-16-31\WA-01_EVIDENCE
[INFO] 2026-07-30T06:16:31.820Z - Starting evidence collection for target: "https://raghadkids.com" (slug: "homepage")...
[INFO] 2026-07-30T06:16:31.823Z - Launching Playwright Chromium browser (headless: true)...
[INFO] 2026-07-30T06:16:32.034Z - Capturing Desktop screenshot (1440x900) for https://raghadkids.com...
[SUCCESS] 2026-07-30T06:16:42.328Z - Desktop screenshot saved: C:\abdo\Raghad2\raghad-commerce-platform\tools\audit-toolkit\output\2026-07-30_06-16-31\WA-01_EVIDENCE\screenshots\desktop\homepage-desktop.png
[INFO] 2026-07-30T06:16:42.347Z - Capturing Mobile screenshot (390x844) for https://raghadkids.com...
[SUCCESS] 2026-07-30T06:16:49.964Z - Mobile screenshot saved: C:\abdo\Raghad2\raghad-commerce-platform\tools\audit-toolkit\output\2026-07-30_06-16-31\WA-01_EVIDENCE\screenshots\mobile\homepage-mobile.png
[INFO] 2026-07-30T06:16:49.972Z - Capturing console logs for https://raghadkids.com...
[SUCCESS] 2026-07-30T06:17:03.860Z - Console log exported: C:\abdo\Raghad2\raghad-commerce-platform\tools\audit-toolkit\output\2026-07-30_06-16-31\WA-01_EVIDENCE\console\console-homepage.log (13 messages)
[INFO] 2026-07-30T06:17:03.874Z - Capturing network HAR for https://raghadkids.com...
[SUCCESS] 2026-07-30T06:17:17.022Z - Network HAR exported: C:\abdo\Raghad2\raghad-commerce-platform\tools\audit-toolkit\output\2026-07-30_06-16-31\WA-01_EVIDENCE\network\network-homepage.har
[INFO] 2026-07-30T06:17:17.305Z - Playwright browser session closed.
[INFO] 2026-07-30T06:17:17.307Z - Launching Lighthouse environment for https://raghadkids.com...
[INFO] 2026-07-30T06:17:17.309Z - Executing Lighthouse Mobile audit...
[SUCCESS] 2026-07-30T06:17:41.308Z - Lighthouse Mobile HTML saved: C:\abdo\Raghad2\raghad-commerce-platform\tools\audit-toolkit\output\2026-07-30_06-16-31\WA-01_EVIDENCE\performance\lighthouse-homepage-mobile.html
[SUCCESS] 2026-07-30T06:17:41.310Z - Lighthouse Mobile JSON saved: C:\abdo\Raghad2\raghad-commerce-platform\tools\audit-toolkit\output\2026-07-30_06-16-31\WA-01_EVIDENCE\performance\lighthouse-homepage-mobile.json
[WARN] 2026-07-30T06:17:41.609Z - Chrome cleanup note: EPERM, Permission denied: \\?\C:\Users\m7mad\AppData\Local\Temp\lighthouse.14799805 '\\?\C:\Users\m7mad\AppData\Local\Temp\lighthouse.14799805'
[INFO] 2026-07-30T06:17:41.610Z - Executing Lighthouse Desktop audit...
[INFO] 2026-07-30T06:18:02.672Z - ====================================================
[INFO] 2026-07-30T06:18:02.675Z -    AUDIT TOOLKIT — COLLECTOR V1.1.0                
[INFO] 2026-07-30T06:18:02.676Z - ====================================================
[INFO] 2026-07-30T06:18:02.678Z - Run ID / Timestamp: 2026-07-30_06-18-02
[INFO] 2026-07-30T06:18:02.679Z - Loaded configuration for target: https://raghadkids.com
[INFO] 2026-07-30T06:18:02.680Z - Environment: production | Headless: true | Max Retries: 3
[INFO] 2026-07-30T06:18:02.681Z - Timestamped evidence directory: C:\abdo\Raghad2\raghad-commerce-platform\tools\audit-toolkit\output\2026-07-30_06-18-02\WA-01_EVIDENCE
[INFO] 2026-07-30T06:18:02.683Z - Starting evidence collection for target: "https://raghadkids.com" (slug: "homepage")...
[INFO] 2026-07-30T06:18:02.685Z - Launching Playwright Chromium browser (headless: true)...
[INFO] 2026-07-30T06:18:02.846Z - Capturing Desktop screenshot (1440x900) for https://raghadkids.com...
[SUCCESS] 2026-07-30T06:18:05.449Z - Lighthouse Desktop HTML saved: C:\abdo\Raghad2\raghad-commerce-platform\tools\audit-toolkit\output\2026-07-30_06-16-31\WA-01_EVIDENCE\performance\lighthouse-homepage-desktop.html
[SUCCESS] 2026-07-30T06:18:05.450Z - Lighthouse Desktop JSON saved: C:\abdo\Raghad2\raghad-commerce-platform\tools\audit-toolkit\output\2026-07-30_06-16-31\WA-01_EVIDENCE\performance\lighthouse-homepage-desktop.json
[WARN] 2026-07-30T06:18:05.800Z - Chrome cleanup note: EPERM, Permission denied: \\?\C:\Users\m7mad\AppData\Local\Temp\lighthouse.17968204 '\\?\C:\Users\m7mad\AppData\Local\Temp\lighthouse.17968204'
[SUCCESS] 2026-07-30T06:18:05.802Z - Evidence collection workflow finished.
[SUCCESS] 2026-07-30T06:18:05.814Z - Technical manifest generated: C:\abdo\Raghad2\raghad-commerce-platform\tools\audit-toolkit\output\2026-07-30_06-16-31\WA-01_EVIDENCE\manifest\manifest.json
[INFO] 2026-07-30T06:18:05.815Z - ====================================================
[SUCCESS] 2026-07-30T06:18:05.816Z -    COLLECTION COMPLETED WITH ZERO ERRORS (9 artifacts)
[INFO] 2026-07-30T06:18:05.817Z - ====================================================
[SUCCESS] 2026-07-30T06:18:10.865Z - Desktop screenshot saved: C:\abdo\Raghad2\raghad-commerce-platform\tools\audit-toolkit\output\2026-07-30_06-18-02\WA-01_EVIDENCE\screenshots\desktop\homepage-desktop.png
[INFO] 2026-07-30T06:18:10.881Z - Capturing Mobile screenshot (390x844) for https://raghadkids.com...
[SUCCESS] 2026-07-30T06:18:17.491Z - Mobile screenshot saved: C:\abdo\Raghad2\raghad-commerce-platform\tools\audit-toolkit\output\2026-07-30_06-18-02\WA-01_EVIDENCE\screenshots\mobile\homepage-mobile.png
[INFO] 2026-07-30T06:18:17.497Z - Capturing console logs for https://raghadkids.com...
[SUCCESS] 2026-07-30T06:18:27.227Z - Console log exported: C:\abdo\Raghad2\raghad-commerce-platform\tools\audit-toolkit\output\2026-07-30_06-18-02\WA-01_EVIDENCE\console\console-homepage.log (13 messages)
[INFO] 2026-07-30T06:18:27.242Z - Capturing network HAR for https://raghadkids.com...
[SUCCESS] 2026-07-30T06:18:43.722Z - Network HAR exported: C:\abdo\Raghad2\raghad-commerce-platform\tools\audit-toolkit\output\2026-07-30_06-18-02\WA-01_EVIDENCE\network\network-homepage.har
[INFO] 2026-07-30T06:18:43.976Z - Playwright browser session closed.
[INFO] 2026-07-30T06:18:43.977Z - Launching Lighthouse environment for https://raghadkids.com...
[INFO] 2026-07-30T06:18:43.979Z - Executing Lighthouse Mobile audit...
[SUCCESS] 2026-07-30T06:19:08.257Z - Lighthouse Mobile HTML saved: C:\abdo\Raghad2\raghad-commerce-platform\tools\audit-toolkit\output\2026-07-30_06-18-02\WA-01_EVIDENCE\performance\lighthouse-homepage-mobile.html
[SUCCESS] 2026-07-30T06:19:08.258Z - Lighthouse Mobile JSON saved: C:\abdo\Raghad2\raghad-commerce-platform\tools\audit-toolkit\output\2026-07-30_06-18-02\WA-01_EVIDENCE\performance\lighthouse-homepage-mobile.json
[WARN] 2026-07-30T06:19:08.593Z - Chrome cleanup note: EPERM, Permission denied: \\?\C:\Users\m7mad\AppData\Local\Temp\lighthouse.37945505 '\\?\C:\Users\m7mad\AppData\Local\Temp\lighthouse.37945505'
[INFO] 2026-07-30T06:19:08.594Z - Executing Lighthouse Desktop audit...
[SUCCESS] 2026-07-30T06:19:33.662Z - Lighthouse Desktop HTML saved: C:\abdo\Raghad2\raghad-commerce-platform\tools\audit-toolkit\output\2026-07-30_06-18-02\WA-01_EVIDENCE\performance\lighthouse-homepage-desktop.html
[SUCCESS] 2026-07-30T06:19:33.663Z - Lighthouse Desktop JSON saved: C:\abdo\Raghad2\raghad-commerce-platform\tools\audit-toolkit\output\2026-07-30_06-18-02\WA-01_EVIDENCE\performance\lighthouse-homepage-desktop.json
[WARN] 2026-07-30T06:19:33.994Z - Chrome cleanup note: EPERM, Permission denied: \\?\C:\Users\m7mad\AppData\Local\Temp\lighthouse.48015403 '\\?\C:\Users\m7mad\AppData\Local\Temp\lighthouse.48015403'
[SUCCESS] 2026-07-30T06:19:33.995Z - Evidence collection workflow finished.
[SUCCESS] 2026-07-30T06:19:34.003Z - Technical manifest generated: C:\abdo\Raghad2\raghad-commerce-platform\tools\audit-toolkit\output\2026-07-30_06-18-02\WA-01_EVIDENCE\manifest\manifest.json
[INFO] 2026-07-30T06:19:34.004Z - ====================================================
[SUCCESS] 2026-07-30T06:19:34.005Z -    COLLECTION COMPLETED WITH ZERO ERRORS (9 artifacts)
[INFO] 2026-07-30T06:19:34.006Z - ====================================================

===================================================
RUN START
Run ID: 2026-07-30_06-23-35
Timestamp: 2026-07-30T06:23:35.852Z
Target: https://raghadkids.com
Environment: production
===================================================
[INFO] 2026-07-30T06:23:35.860Z - ====================================================
[INFO] 2026-07-30T06:23:35.861Z -    AUDIT TOOLKIT — COLLECTOR V1.1.0 (STABILIZED)   
[INFO] 2026-07-30T06:23:35.862Z - ====================================================
[INFO] 2026-07-30T06:23:35.863Z - Run ID / Timestamp: 2026-07-30_06-23-35
[INFO] 2026-07-30T06:23:35.865Z - Loaded configuration for target: https://raghadkids.com
[INFO] 2026-07-30T06:23:35.865Z - Environment: production | Headless: true | Max Retries: 3 (Initial + 3 retries)
[INFO] 2026-07-30T06:23:35.867Z - Timestamped evidence directory: C:\abdo\Raghad2\raghad-commerce-platform\tools\audit-toolkit\output\2026-07-30_06-23-35\WA-01_EVIDENCE
[INFO] 2026-07-30T06:23:35.868Z - Starting evidence collection for target: "https://raghadkids.com" (slug: "homepage")...
[INFO] 2026-07-30T06:23:35.869Z - Launching Playwright Chromium browser (headless: true)...
[INFO] 2026-07-30T06:23:36.011Z - Capturing Desktop screenshot (1440x900) for https://raghadkids.com...
[SUCCESS] 2026-07-30T06:23:54.408Z - Desktop screenshot saved: C:\abdo\Raghad2\raghad-commerce-platform\tools\audit-toolkit\output\2026-07-30_06-23-35\WA-01_EVIDENCE\screenshots\desktop\homepage-desktop.png
[INFO] 2026-07-30T06:23:54.428Z - Capturing Mobile screenshot (390x844) for https://raghadkids.com...
[SUCCESS] 2026-07-30T06:24:04.254Z - Mobile screenshot saved: C:\abdo\Raghad2\raghad-commerce-platform\tools\audit-toolkit\output\2026-07-30_06-23-35\WA-01_EVIDENCE\screenshots\mobile\homepage-mobile.png
[INFO] 2026-07-30T06:24:04.261Z - Capturing console logs for https://raghadkids.com...
[SUCCESS] 2026-07-30T06:24:22.561Z - Console log exported: C:\abdo\Raghad2\raghad-commerce-platform\tools\audit-toolkit\output\2026-07-30_06-23-35\WA-01_EVIDENCE\console\console-homepage-errors.log (14 messages)
[INFO] 2026-07-30T06:24:22.570Z - Capturing network HAR for https://raghadkids.com...
[SUCCESS] 2026-07-30T06:24:33.356Z - Network HAR exported: C:\abdo\Raghad2\raghad-commerce-platform\tools\audit-toolkit\output\2026-07-30_06-23-35\WA-01_EVIDENCE\network\network-homepage.har

===================================================
RUN START
Run ID: 2026-07-30_06-24-33
Timestamp: 2026-07-30T06:24:33.357Z
Target: https://raghadkids.com
Environment: production
===================================================
[INFO] 2026-07-30T06:24:33.371Z - ====================================================
[INFO] 2026-07-30T06:24:33.373Z -    AUDIT TOOLKIT — COLLECTOR V1.1.0 (STABILIZED)   
[INFO] 2026-07-30T06:24:33.374Z - ====================================================
[INFO] 2026-07-30T06:24:33.375Z - Run ID / Timestamp: 2026-07-30_06-24-33
[INFO] 2026-07-30T06:24:33.376Z - Loaded configuration for target: https://raghadkids.com
[INFO] 2026-07-30T06:24:33.378Z - Environment: production | Headless: true | Max Retries: 3 (Initial + 3 retries)
[INFO] 2026-07-30T06:24:33.381Z - Timestamped evidence directory: C:\abdo\Raghad2\raghad-commerce-platform\tools\audit-toolkit\output\2026-07-30_06-24-33\WA-01_EVIDENCE
[INFO] 2026-07-30T06:24:33.382Z - Starting evidence collection for target: "https://raghadkids.com" (slug: "homepage")...
[INFO] 2026-07-30T06:24:33.384Z - Launching Playwright Chromium browser (headless: true)...
[INFO] 2026-07-30T06:24:33.567Z - Capturing Desktop screenshot (1440x900) for https://raghadkids.com...
[INFO] 2026-07-30T06:24:33.744Z - Playwright browser session closed.
[INFO] 2026-07-30T06:24:33.747Z - Launching Lighthouse environment for https://raghadkids.com...
[INFO] 2026-07-30T06:24:33.748Z - Lighthouse using Playwright Chromium binary: C:\Users\m7mad\AppData\Local\ms-playwright\chromium-1234\chrome-win64\chrome.exe
[INFO] 2026-07-30T06:24:33.750Z - Executing Lighthouse Mobile audit...
[SUCCESS] 2026-07-30T06:24:51.120Z - Desktop screenshot saved: C:\abdo\Raghad2\raghad-commerce-platform\tools\audit-toolkit\output\2026-07-30_06-24-33\WA-01_EVIDENCE\screenshots\desktop\homepage-desktop.png
[INFO] 2026-07-30T06:24:51.139Z - Capturing Mobile screenshot (390x844) for https://raghadkids.com...
[SUCCESS] 2026-07-30T06:25:03.773Z - Lighthouse Mobile HTML saved: C:\abdo\Raghad2\raghad-commerce-platform\tools\audit-toolkit\output\2026-07-30_06-23-35\WA-01_EVIDENCE\performance\lighthouse-homepage-mobile.html
[SUCCESS] 2026-07-30T06:25:03.775Z - Lighthouse Mobile JSON saved: C:\abdo\Raghad2\raghad-commerce-platform\tools\audit-toolkit\output\2026-07-30_06-23-35\WA-01_EVIDENCE\performance\lighthouse-homepage-mobile.json
[WARN] 2026-07-30T06:25:04.101Z - Chrome cleanup note: EPERM, Permission denied: \\?\C:\Users\m7mad\AppData\Local\Temp\lighthouse.92799989 '\\?\C:\Users\m7mad\AppData\Local\Temp\lighthouse.92799989'
[INFO] 2026-07-30T06:25:04.103Z - Executing Lighthouse Desktop audit...
[SUCCESS] 2026-07-30T06:25:04.898Z - Mobile screenshot saved: C:\abdo\Raghad2\raghad-commerce-platform\tools\audit-toolkit\output\2026-07-30_06-24-33\WA-01_EVIDENCE\screenshots\mobile\homepage-mobile.png
[INFO] 2026-07-30T06:25:04.915Z - Capturing console logs for https://raghadkids.com...
[SUCCESS] 2026-07-30T06:25:22.628Z - Console log exported: C:\abdo\Raghad2\raghad-commerce-platform\tools\audit-toolkit\output\2026-07-30_06-24-33\WA-01_EVIDENCE\console\console-homepage-errors.log (14 messages)
[INFO] 2026-07-30T06:25:22.642Z - Capturing network HAR for https://raghadkids.com...

===================================================
RUN START
Run ID: 2026-07-30_06-25-26
Timestamp: 2026-07-30T06:25:26.603Z
Target: https://raghadkids.com
Environment: production
===================================================
[INFO] 2026-07-30T06:25:26.612Z - ====================================================
[INFO] 2026-07-30T06:25:26.613Z -    AUDIT TOOLKIT — COLLECTOR V1.1.0 (STABILIZED)   
[INFO] 2026-07-30T06:25:26.614Z - ====================================================
[INFO] 2026-07-30T06:25:26.615Z - Run ID / Timestamp: 2026-07-30_06-25-26
[INFO] 2026-07-30T06:25:26.618Z - Loaded configuration for target: https://raghadkids.com
[INFO] 2026-07-30T06:25:26.620Z - Environment: production | Headless: true | Max Retries: 3 (Initial + 3 retries)
[INFO] 2026-07-30T06:25:26.621Z - Timestamped evidence directory: C:\abdo\Raghad2\raghad-commerce-platform\tools\audit-toolkit\output\2026-07-30_06-25-26\WA-01_EVIDENCE
[INFO] 2026-07-30T06:25:26.623Z - Starting evidence collection for target: "https://raghadkids.com" (slug: "homepage")...
[INFO] 2026-07-30T06:25:26.624Z - Launching Playwright Chromium browser (headless: true)...
[INFO] 2026-07-30T06:25:26.843Z - Capturing Desktop screenshot (1440x900) for https://raghadkids.com...
[SUCCESS] 2026-07-30T06:25:40.539Z - Lighthouse Desktop HTML saved: C:\abdo\Raghad2\raghad-commerce-platform\tools\audit-toolkit\output\2026-07-30_06-23-35\WA-01_EVIDENCE\performance\lighthouse-homepage-desktop.html
[SUCCESS] 2026-07-30T06:25:40.543Z - Lighthouse Desktop JSON saved: C:\abdo\Raghad2\raghad-commerce-platform\tools\audit-toolkit\output\2026-07-30_06-23-35\WA-01_EVIDENCE\performance\lighthouse-homepage-desktop.json
[WARN] 2026-07-30T06:25:41.025Z - Chrome cleanup note: EPERM, Permission denied: \\?\C:\Users\m7mad\AppData\Local\Temp\lighthouse.80185080 '\\?\C:\Users\m7mad\AppData\Local\Temp\lighthouse.80185080'
[SUCCESS] 2026-07-30T06:25:41.026Z - Evidence collection workflow finished.
[SUCCESS] 2026-07-30T06:25:41.037Z - Technical manifest generated: C:\abdo\Raghad2\raghad-commerce-platform\tools\audit-toolkit\output\2026-07-30_06-23-35\WA-01_EVIDENCE\manifest\manifest.json
[INFO] 2026-07-30T06:25:41.038Z - ====================================================
[SUCCESS] 2026-07-30T06:25:41.039Z -    COLLECTION COMPLETED WITH ZERO ERRORS (8 evidence artifacts)
[INFO] 2026-07-30T06:25:41.040Z - ====================================================
[SUCCESS] 2026-07-30T06:25:42.682Z - Network HAR exported: C:\abdo\Raghad2\raghad-commerce-platform\tools\audit-toolkit\output\2026-07-30_06-24-33\WA-01_EVIDENCE\network\network-homepage.har
[INFO] 2026-07-30T06:25:43.091Z - Playwright browser session closed.
[INFO] 2026-07-30T06:25:43.092Z - Launching Lighthouse environment for https://raghadkids.com...
[INFO] 2026-07-30T06:25:43.093Z - Lighthouse using Playwright Chromium binary: C:\Users\m7mad\AppData\Local\ms-playwright\chromium-1234\chrome-win64\chrome.exe
[INFO] 2026-07-30T06:25:43.094Z - Executing Lighthouse Mobile audit...
[SUCCESS] 2026-07-30T06:25:44.611Z - Desktop screenshot saved: C:\abdo\Raghad2\raghad-commerce-platform\tools\audit-toolkit\output\2026-07-30_06-25-26\WA-01_EVIDENCE\screenshots\desktop\homepage-desktop.png
[INFO] 2026-07-30T06:25:44.626Z - Capturing Mobile screenshot (390x844) for https://raghadkids.com...
[SUCCESS] 2026-07-30T06:25:58.493Z - Mobile screenshot saved: C:\abdo\Raghad2\raghad-commerce-platform\tools\audit-toolkit\output\2026-07-30_06-25-26\WA-01_EVIDENCE\screenshots\mobile\homepage-mobile.png
[INFO] 2026-07-30T06:25:58.503Z - Capturing console logs for https://raghadkids.com...
[SUCCESS] 2026-07-30T06:26:12.564Z - Lighthouse Mobile HTML saved: C:\abdo\Raghad2\raghad-commerce-platform\tools\audit-toolkit\output\2026-07-30_06-24-33\WA-01_EVIDENCE\performance\lighthouse-homepage-mobile.html
[SUCCESS] 2026-07-30T06:26:12.565Z - Lighthouse Mobile JSON saved: C:\abdo\Raghad2\raghad-commerce-platform\tools\audit-toolkit\output\2026-07-30_06-24-33\WA-01_EVIDENCE\performance\lighthouse-homepage-mobile.json
[WARN] 2026-07-30T06:26:12.879Z - Chrome cleanup note: EPERM, Permission denied: \\?\C:\Users\m7mad\AppData\Local\Temp\lighthouse.93458863 '\\?\C:\Users\m7mad\AppData\Local\Temp\lighthouse.93458863'
[INFO] 2026-07-30T06:26:12.881Z - Executing Lighthouse Desktop audit...
[SUCCESS] 2026-07-30T06:26:13.449Z - Console log exported: C:\abdo\Raghad2\raghad-commerce-platform\tools\audit-toolkit\output\2026-07-30_06-25-26\WA-01_EVIDENCE\console\console-homepage-errors.log (13 messages)
[INFO] 2026-07-30T06:26:13.465Z - Capturing network HAR for https://raghadkids.com...
[SUCCESS] 2026-07-30T06:26:32.277Z - Network HAR exported: C:\abdo\Raghad2\raghad-commerce-platform\tools\audit-toolkit\output\2026-07-30_06-25-26\WA-01_EVIDENCE\network\network-homepage.har
[INFO] 2026-07-30T06:26:32.557Z - Playwright browser session closed.
[INFO] 2026-07-30T06:26:32.558Z - Launching Lighthouse environment for https://raghadkids.com...
[INFO] 2026-07-30T06:26:32.560Z - Lighthouse using Playwright Chromium binary: C:\Users\m7mad\AppData\Local\ms-playwright\chromium-1234\chrome-win64\chrome.exe
[INFO] 2026-07-30T06:26:32.561Z - Executing Lighthouse Mobile audit...
[SUCCESS] 2026-07-30T06:26:47.202Z - Lighthouse Desktop HTML saved: C:\abdo\Raghad2\raghad-commerce-platform\tools\audit-toolkit\output\2026-07-30_06-24-33\WA-01_EVIDENCE\performance\lighthouse-homepage-desktop.html
[SUCCESS] 2026-07-30T06:26:47.203Z - Lighthouse Desktop JSON saved: C:\abdo\Raghad2\raghad-commerce-platform\tools\audit-toolkit\output\2026-07-30_06-24-33\WA-01_EVIDENCE\performance\lighthouse-homepage-desktop.json
[WARN] 2026-07-30T06:26:47.706Z - Chrome cleanup note: EPERM, Permission denied: \\?\C:\Users\m7mad\AppData\Local\Temp\lighthouse.37430567 '\\?\C:\Users\m7mad\AppData\Local\Temp\lighthouse.37430567'
[SUCCESS] 2026-07-30T06:26:47.707Z - Evidence collection workflow finished.
[SUCCESS] 2026-07-30T06:26:47.716Z - Technical manifest generated: C:\abdo\Raghad2\raghad-commerce-platform\tools\audit-toolkit\output\2026-07-30_06-24-33\WA-01_EVIDENCE\manifest\manifest.json
[INFO] 2026-07-30T06:26:47.717Z - ====================================================
[SUCCESS] 2026-07-30T06:26:47.718Z -    COLLECTION COMPLETED WITH ZERO ERRORS (8 evidence artifacts)
[INFO] 2026-07-30T06:26:47.719Z - ====================================================
[SUCCESS] 2026-07-30T06:26:54.612Z - Lighthouse Mobile HTML saved: C:\abdo\Raghad2\raghad-commerce-platform\tools\audit-toolkit\output\2026-07-30_06-25-26\WA-01_EVIDENCE\performance\lighthouse-homepage-mobile.html
[SUCCESS] 2026-07-30T06:26:54.613Z - Lighthouse Mobile JSON saved: C:\abdo\Raghad2\raghad-commerce-platform\tools\audit-toolkit\output\2026-07-30_06-25-26\WA-01_EVIDENCE\performance\lighthouse-homepage-mobile.json
[WARN] 2026-07-30T06:26:54.908Z - Chrome cleanup note: EPERM, Permission denied: \\?\C:\Users\m7mad\AppData\Local\Temp\lighthouse.37780319 '\\?\C:\Users\m7mad\AppData\Local\Temp\lighthouse.37780319'
[INFO] 2026-07-30T06:26:54.909Z - Executing Lighthouse Desktop audit...
[SUCCESS] 2026-07-30T06:27:25.359Z - Lighthouse Desktop HTML saved: C:\abdo\Raghad2\raghad-commerce-platform\tools\audit-toolkit\output\2026-07-30_06-25-26\WA-01_EVIDENCE\performance\lighthouse-homepage-desktop.html
[SUCCESS] 2026-07-30T06:27:25.359Z - Lighthouse Desktop JSON saved: C:\abdo\Raghad2\raghad-commerce-platform\tools\audit-toolkit\output\2026-07-30_06-25-26\WA-01_EVIDENCE\performance\lighthouse-homepage-desktop.json
[WARN] 2026-07-30T06:27:25.681Z - Chrome cleanup note: EPERM, Permission denied: \\?\C:\Users\m7mad\AppData\Local\Temp\lighthouse.61577211 '\\?\C:\Users\m7mad\AppData\Local\Temp\lighthouse.61577211'
[SUCCESS] 2026-07-30T06:27:25.683Z - Evidence collection workflow finished.
[SUCCESS] 2026-07-30T06:27:25.691Z - Technical manifest generated: C:\abdo\Raghad2\raghad-commerce-platform\tools\audit-toolkit\output\2026-07-30_06-25-26\WA-01_EVIDENCE\manifest\manifest.json
[INFO] 2026-07-30T06:27:25.692Z - ====================================================
[SUCCESS] 2026-07-30T06:27:25.693Z -    COLLECTION COMPLETED WITH ZERO ERRORS (8 evidence artifacts)
[INFO] 2026-07-30T06:27:25.694Z - ====================================================

===================================================
RUN START
Run ID: 2026-07-30_06-34-38
Timestamp: 2026-07-30T06:34:38.683Z
Target: https://raghadkids.com
Environment: production
===================================================
[INFO] 2026-07-30T06:34:38.690Z - ====================================================
[INFO] 2026-07-30T06:34:38.692Z -    AUDIT TOOLKIT — COLLECTOR V1.1.0 (STABILIZED)   
[INFO] 2026-07-30T06:34:38.693Z - ====================================================
[INFO] 2026-07-30T06:34:38.694Z - Run ID / Timestamp: 2026-07-30_06-34-38
[INFO] 2026-07-30T06:34:38.695Z - Loaded configuration for target: https://raghadkids.com
[INFO] 2026-07-30T06:34:38.696Z - Environment: production | Headless: true | Max Retries: 3 (Initial + 3 retries)
[INFO] 2026-07-30T06:34:38.697Z - Timestamped evidence directory: C:\abdo\Raghad2\raghad-commerce-platform\tools\audit-toolkit\output\2026-07-30_06-34-38\WA-01_EVIDENCE
[INFO] 2026-07-30T06:34:38.698Z - Starting evidence collection for target: "https://raghadkids.com" (slug: "homepage")...
[INFO] 2026-07-30T06:34:38.699Z - Launching Playwright Chromium browser (headless: true)...
[INFO] 2026-07-30T06:34:38.828Z - Capturing Desktop screenshot (1440x900) for https://raghadkids.com...
[SUCCESS] 2026-07-30T06:34:51.723Z - Desktop screenshot saved: C:\abdo\Raghad2\raghad-commerce-platform\tools\audit-toolkit\output\2026-07-30_06-34-38\WA-01_EVIDENCE\screenshots\desktop\homepage-desktop.png
[INFO] 2026-07-30T06:34:51.744Z - Capturing Mobile screenshot (390x844) for https://raghadkids.com...
[SUCCESS] 2026-07-30T06:34:58.638Z - Mobile screenshot saved: C:\abdo\Raghad2\raghad-commerce-platform\tools\audit-toolkit\output\2026-07-30_06-34-38\WA-01_EVIDENCE\screenshots\mobile\homepage-mobile.png
[INFO] 2026-07-30T06:34:58.645Z - Capturing console logs for https://raghadkids.com...
[SUCCESS] 2026-07-30T06:35:06.521Z - Console log exported: C:\abdo\Raghad2\raghad-commerce-platform\tools\audit-toolkit\output\2026-07-30_06-34-38\WA-01_EVIDENCE\console\console-homepage-errors.log (12 messages)
[INFO] 2026-07-30T06:35:06.528Z - Capturing network HAR for https://raghadkids.com...
[SUCCESS] 2026-07-30T06:35:14.537Z - Network HAR exported: C:\abdo\Raghad2\raghad-commerce-platform\tools\audit-toolkit\output\2026-07-30_06-34-38\WA-01_EVIDENCE\network\network-homepage.har
[INFO] 2026-07-30T06:35:14.782Z - Playwright browser session closed.
[INFO] 2026-07-30T06:35:14.783Z - Launching Lighthouse environment for https://raghadkids.com...
[INFO] 2026-07-30T06:35:14.785Z - Lighthouse using Playwright Chromium binary: C:\Users\m7mad\AppData\Local\ms-playwright\chromium-1234\chrome-win64\chrome.exe
[INFO] 2026-07-30T06:35:14.786Z - Executing Lighthouse Mobile audit...
[SUCCESS] 2026-07-30T06:35:37.852Z - Lighthouse Mobile HTML saved: C:\abdo\Raghad2\raghad-commerce-platform\tools\audit-toolkit\output\2026-07-30_06-34-38\WA-01_EVIDENCE\performance\lighthouse-homepage-mobile.html
[SUCCESS] 2026-07-30T06:35:37.853Z - Lighthouse Mobile JSON saved: C:\abdo\Raghad2\raghad-commerce-platform\tools\audit-toolkit\output\2026-07-30_06-34-38\WA-01_EVIDENCE\performance\lighthouse-homepage-mobile.json
[WARN] 2026-07-30T06:35:38.166Z - Chrome cleanup note: EPERM, Permission denied: \\?\C:\Users\m7mad\AppData\Local\Temp\lighthouse.94158705 '\\?\C:\Users\m7mad\AppData\Local\Temp\lighthouse.94158705'
[INFO] 2026-07-30T06:35:38.167Z - Executing Lighthouse Desktop audit...
[SUCCESS] 2026-07-30T06:36:03.218Z - Lighthouse Desktop HTML saved: C:\abdo\Raghad2\raghad-commerce-platform\tools\audit-toolkit\output\2026-07-30_06-34-38\WA-01_EVIDENCE\performance\lighthouse-homepage-desktop.html
[SUCCESS] 2026-07-30T06:36:03.219Z - Lighthouse Desktop JSON saved: C:\abdo\Raghad2\raghad-commerce-platform\tools\audit-toolkit\output\2026-07-30_06-34-38\WA-01_EVIDENCE\performance\lighthouse-homepage-desktop.json
[WARN] 2026-07-30T06:36:03.658Z - Chrome cleanup note: EPERM, Permission denied: \\?\C:\Users\m7mad\AppData\Local\Temp\lighthouse.69380490 '\\?\C:\Users\m7mad\AppData\Local\Temp\lighthouse.69380490'
[SUCCESS] 2026-07-30T06:36:03.659Z - Evidence collection workflow finished.
[SUCCESS] 2026-07-30T06:36:03.674Z - Technical manifest generated: C:\abdo\Raghad2\raghad-commerce-platform\tools\audit-toolkit\output\2026-07-30_06-34-38\WA-01_EVIDENCE\manifest\manifest.json
[INFO] 2026-07-30T06:36:03.676Z - ====================================================
[SUCCESS] 2026-07-30T06:36:03.679Z -    COLLECTION COMPLETED WITH ZERO ERRORS (8 evidence artifacts)
[INFO] 2026-07-30T06:36:03.682Z - ====================================================

===================================================
RUN START
Run ID: 2026-07-30_14-06-32
Timestamp: 2026-07-30T14:06:32.555Z
Target: https://raghadkids.com
Environment: production
===================================================
[INFO] 2026-07-30T14:06:32.582Z - ====================================================
[INFO] 2026-07-30T14:06:32.587Z -    AUDIT TOOLKIT — COLLECTOR & ANALYZER V1          
[INFO] 2026-07-30T14:06:32.590Z - ====================================================
[INFO] 2026-07-30T14:06:32.592Z - Run ID / Timestamp: 2026-07-30_14-06-32
[INFO] 2026-07-30T14:06:32.596Z - Loaded configuration for target: https://raghadkids.com
[INFO] 2026-07-30T14:06:32.600Z - Environment: production | Headless: true | Max Retries: 3 (Initial + 3 retries)
[INFO] 2026-07-30T14:06:32.604Z - Timestamped evidence directory: C:\abdo\Raghad2\raghad-commerce-platform\tools\audit-toolkit\output\2026-07-30_14-06-32\WA-01_EVIDENCE
[INFO] 2026-07-30T14:06:32.610Z - Starting evidence collection for target: "https://raghadkids.com" (slug: "homepage")...
[INFO] 2026-07-30T14:06:32.613Z - Launching Playwright Chromium browser (headless: true)...
[INFO] 2026-07-30T14:06:33.505Z - Capturing Desktop screenshot (1440x900) for https://raghadkids.com...
[SUCCESS] 2026-07-30T14:06:59.683Z - Desktop screenshot saved: C:\abdo\Raghad2\raghad-commerce-platform\tools\audit-toolkit\output\2026-07-30_14-06-32\WA-01_EVIDENCE\screenshots\desktop\homepage-desktop.png
[INFO] 2026-07-30T14:06:59.726Z - Capturing Mobile screenshot (390x844) for https://raghadkids.com...
[SUCCESS] 2026-07-30T14:07:11.377Z - Mobile screenshot saved: C:\abdo\Raghad2\raghad-commerce-platform\tools\audit-toolkit\output\2026-07-30_14-06-32\WA-01_EVIDENCE\screenshots\mobile\homepage-mobile.png
[INFO] 2026-07-30T14:07:11.394Z - Capturing console logs for https://raghadkids.com...
[SUCCESS] 2026-07-30T14:07:22.689Z - Console log exported: C:\abdo\Raghad2\raghad-commerce-platform\tools\audit-toolkit\output\2026-07-30_14-06-32\WA-01_EVIDENCE\console\console-homepage-errors.log (13 messages)
[INFO] 2026-07-30T14:07:22.711Z - Capturing network HAR for https://raghadkids.com...
[SUCCESS] 2026-07-30T14:07:31.429Z - Network HAR exported: C:\abdo\Raghad2\raghad-commerce-platform\tools\audit-toolkit\output\2026-07-30_14-06-32\WA-01_EVIDENCE\network\network-homepage.har
[INFO] 2026-07-30T14:07:31.809Z - Playwright browser session closed.
[INFO] 2026-07-30T14:07:31.810Z - Launching Lighthouse environment for https://raghadkids.com...
[INFO] 2026-07-30T14:07:31.813Z - Lighthouse using Playwright Chromium binary: C:\Users\m7mad\AppData\Local\ms-playwright\chromium-1234\chrome-win64\chrome.exe
[INFO] 2026-07-30T14:07:31.814Z - Executing Lighthouse Mobile audit...
[SUCCESS] 2026-07-30T14:07:53.603Z - Lighthouse Mobile HTML saved: C:\abdo\Raghad2\raghad-commerce-platform\tools\audit-toolkit\output\2026-07-30_14-06-32\WA-01_EVIDENCE\performance\lighthouse-homepage-mobile.html
[SUCCESS] 2026-07-30T14:07:53.604Z - Lighthouse Mobile JSON saved: C:\abdo\Raghad2\raghad-commerce-platform\tools\audit-toolkit\output\2026-07-30_14-06-32\WA-01_EVIDENCE\performance\lighthouse-homepage-mobile.json
[WARN] 2026-07-30T14:07:53.881Z - Chrome cleanup note: EPERM, Permission denied: \\?\C:\Users\m7mad\AppData\Local\Temp\lighthouse.50007464 '\\?\C:\Users\m7mad\AppData\Local\Temp\lighthouse.50007464'
[INFO] 2026-07-30T14:07:53.883Z - Executing Lighthouse Desktop audit...
[SUCCESS] 2026-07-30T14:08:16.981Z - Lighthouse Desktop HTML saved: C:\abdo\Raghad2\raghad-commerce-platform\tools\audit-toolkit\output\2026-07-30_14-06-32\WA-01_EVIDENCE\performance\lighthouse-homepage-desktop.html
[SUCCESS] 2026-07-30T14:08:16.982Z - Lighthouse Desktop JSON saved: C:\abdo\Raghad2\raghad-commerce-platform\tools\audit-toolkit\output\2026-07-30_14-06-32\WA-01_EVIDENCE\performance\lighthouse-homepage-desktop.json
[WARN] 2026-07-30T14:08:17.311Z - Chrome cleanup note: EPERM, Permission denied: \\?\C:\Users\m7mad\AppData\Local\Temp\lighthouse.12246427 '\\?\C:\Users\m7mad\AppData\Local\Temp\lighthouse.12246427'
[SUCCESS] 2026-07-30T14:08:17.312Z - Evidence collection workflow finished.
[SUCCESS] 2026-07-30T14:08:17.320Z - Technical manifest generated: C:\abdo\Raghad2\raghad-commerce-platform\tools\audit-toolkit\output\2026-07-30_14-06-32\WA-01_EVIDENCE\manifest\manifest.json
[INFO] 2026-07-30T14:08:17.321Z - ====================================================
[SUCCESS] 2026-07-30T14:08:17.322Z -    COLLECTION COMPLETED WITH ZERO ERRORS (8 evidence artifacts)
[INFO] 2026-07-30T14:08:17.323Z - ====================================================
[INFO] 2026-07-30T14:08:17.324Z - ====================================================
[INFO] 2026-07-30T14:08:17.325Z -    STRUCTURED METRICS ANALYZER V1 (AT-02)           
[INFO] 2026-07-30T14:08:17.326Z - ====================================================
[SUCCESS] 2026-07-30T14:08:17.493Z - Normalized analysis document written: C:\abdo\Raghad2\raghad-commerce-platform\tools\audit-toolkit\output\2026-07-30_14-06-32\WA-01_EVIDENCE\analysis\analysis.json
[SUCCESS] 2026-07-30T14:08:17.494Z - Structured Metrics Analysis complete.

===================================================
RUN START
Run ID: 2026-07-30_14-14-28
Timestamp: 2026-07-30T14:14:28.202Z
Target: https://raghadkids.com
Environment: production
===================================================
[INFO] 2026-07-30T14:14:28.209Z - ====================================================
[INFO] 2026-07-30T14:14:28.210Z -    AUDIT TOOLKIT — COLLECTOR, ANALYZER & RULES V1  
[INFO] 2026-07-30T14:14:28.211Z - ====================================================
[INFO] 2026-07-30T14:14:28.212Z - Run ID / Timestamp: 2026-07-30_14-14-28
[INFO] 2026-07-30T14:14:28.213Z - Loaded configuration for target: https://raghadkids.com
[INFO] 2026-07-30T14:14:28.213Z - Environment: production | Headless: true | Max Retries: 3 (Initial + 3 retries)
[INFO] 2026-07-30T14:14:28.214Z - Timestamped evidence directory: C:\abdo\Raghad2\raghad-commerce-platform\tools\audit-toolkit\output\2026-07-30_14-14-28\WA-01_EVIDENCE
[INFO] 2026-07-30T14:14:28.215Z - Starting evidence collection for target: "https://raghadkids.com" (slug: "homepage")...
[INFO] 2026-07-30T14:14:28.216Z - Launching Playwright Chromium browser (headless: true)...
[INFO] 2026-07-30T14:14:28.403Z - Capturing Desktop screenshot (1440x900) for https://raghadkids.com...
[SUCCESS] 2026-07-30T14:14:35.635Z - Desktop screenshot saved: C:\abdo\Raghad2\raghad-commerce-platform\tools\audit-toolkit\output\2026-07-30_14-14-28\WA-01_EVIDENCE\screenshots\desktop\homepage-desktop.png
[INFO] 2026-07-30T14:14:35.651Z - Capturing Mobile screenshot (390x844) for https://raghadkids.com...
[SUCCESS] 2026-07-30T14:14:42.422Z - Mobile screenshot saved: C:\abdo\Raghad2\raghad-commerce-platform\tools\audit-toolkit\output\2026-07-30_14-14-28\WA-01_EVIDENCE\screenshots\mobile\homepage-mobile.png
[INFO] 2026-07-30T14:14:42.433Z - Capturing console logs for https://raghadkids.com...
[SUCCESS] 2026-07-30T14:14:52.305Z - Console log exported: C:\abdo\Raghad2\raghad-commerce-platform\tools\audit-toolkit\output\2026-07-30_14-14-28\WA-01_EVIDENCE\console\console-homepage-errors.log (13 messages)
[INFO] 2026-07-30T14:14:52.314Z - Capturing network HAR for https://raghadkids.com...
[SUCCESS] 2026-07-30T14:14:59.507Z - Network HAR exported: C:\abdo\Raghad2\raghad-commerce-platform\tools\audit-toolkit\output\2026-07-30_14-14-28\WA-01_EVIDENCE\network\network-homepage.har
[INFO] 2026-07-30T14:14:59.815Z - Playwright browser session closed.
[INFO] 2026-07-30T14:14:59.816Z - Launching Lighthouse environment for https://raghadkids.com...
[INFO] 2026-07-30T14:14:59.818Z - Lighthouse using Playwright Chromium binary: C:\Users\m7mad\AppData\Local\ms-playwright\chromium-1234\chrome-win64\chrome.exe
[INFO] 2026-07-30T14:14:59.819Z - Executing Lighthouse Mobile audit...
[SUCCESS] 2026-07-30T14:15:26.314Z - Lighthouse Mobile HTML saved: C:\abdo\Raghad2\raghad-commerce-platform\tools\audit-toolkit\output\2026-07-30_14-14-28\WA-01_EVIDENCE\performance\lighthouse-homepage-mobile.html
[SUCCESS] 2026-07-30T14:15:26.316Z - Lighthouse Mobile JSON saved: C:\abdo\Raghad2\raghad-commerce-platform\tools\audit-toolkit\output\2026-07-30_14-14-28\WA-01_EVIDENCE\performance\lighthouse-homepage-mobile.json
[WARN] 2026-07-30T14:15:26.615Z - Chrome cleanup note: EPERM, Permission denied: \\?\C:\Users\m7mad\AppData\Local\Temp\lighthouse.17117620 '\\?\C:\Users\m7mad\AppData\Local\Temp\lighthouse.17117620'
[INFO] 2026-07-30T14:15:26.616Z - Executing Lighthouse Desktop audit...
[SUCCESS] 2026-07-30T14:15:59.330Z - Lighthouse Desktop HTML saved: C:\abdo\Raghad2\raghad-commerce-platform\tools\audit-toolkit\output\2026-07-30_14-14-28\WA-01_EVIDENCE\performance\lighthouse-homepage-desktop.html
[SUCCESS] 2026-07-30T14:15:59.330Z - Lighthouse Desktop JSON saved: C:\abdo\Raghad2\raghad-commerce-platform\tools\audit-toolkit\output\2026-07-30_14-14-28\WA-01_EVIDENCE\performance\lighthouse-homepage-desktop.json
[WARN] 2026-07-30T14:15:59.616Z - Chrome cleanup note: EPERM, Permission denied: \\?\C:\Users\m7mad\AppData\Local\Temp\lighthouse.83669373 '\\?\C:\Users\m7mad\AppData\Local\Temp\lighthouse.83669373'
[SUCCESS] 2026-07-30T14:15:59.617Z - Evidence collection workflow finished.
[SUCCESS] 2026-07-30T14:15:59.628Z - Technical manifest generated: C:\abdo\Raghad2\raghad-commerce-platform\tools\audit-toolkit\output\2026-07-30_14-14-28\WA-01_EVIDENCE\manifest\manifest.json
[INFO] 2026-07-30T14:15:59.630Z - ====================================================
[SUCCESS] 2026-07-30T14:15:59.631Z -    COLLECTION COMPLETED WITH ZERO ERRORS (8 evidence artifacts)
[INFO] 2026-07-30T14:15:59.631Z - ====================================================
[INFO] 2026-07-30T14:15:59.632Z - ====================================================
[INFO] 2026-07-30T14:15:59.634Z -    STRUCTURED METRICS ANALYZER V1 (AT-02)           
[INFO] 2026-07-30T14:15:59.636Z - ====================================================
[SUCCESS] 2026-07-30T14:15:59.769Z - Normalized analysis document written: C:\abdo\Raghad2\raghad-commerce-platform\tools\audit-toolkit\output\2026-07-30_14-14-28\WA-01_EVIDENCE\analysis\analysis.json
[SUCCESS] 2026-07-30T14:15:59.770Z - Structured Metrics Analysis complete.
[INFO] 2026-07-30T14:15:59.771Z - ====================================================
[INFO] 2026-07-30T14:15:59.772Z -    DETERMINISTIC RULE ENGINE V1 (AT-03)             
[INFO] 2026-07-30T14:15:59.774Z - ====================================================
[INFO] 2026-07-30T14:15:59.778Z - Evaluated 16 rules: 5 PASSED, 11 FAILED, 0 SKIPPED
[SUCCESS] 2026-07-30T14:15:59.781Z - Deterministic rules document written: C:\abdo\Raghad2\raghad-commerce-platform\tools\audit-toolkit\output\2026-07-30_14-14-28\WA-01_EVIDENCE\analysis\rules.json
[SUCCESS] 2026-07-30T14:15:59.782Z - Rule Engine evaluation complete.

===================================================
RUN START
Run ID: 2026-07-30_14-17-15
Timestamp: 2026-07-30T14:17:15.252Z
Target: https://raghadkids.com
Environment: production
===================================================
[INFO] 2026-07-30T14:17:15.259Z - ====================================================
[INFO] 2026-07-30T14:17:15.261Z -    AUDIT TOOLKIT — COMPLETE PIPELINE V1 (AT-01..04) 
[INFO] 2026-07-30T14:17:15.262Z - ====================================================
[INFO] 2026-07-30T14:17:15.263Z - Run ID / Timestamp: 2026-07-30_14-17-15
[INFO] 2026-07-30T14:17:15.263Z - Loaded configuration for target: https://raghadkids.com
[INFO] 2026-07-30T14:17:15.264Z - Environment: production | Headless: true | Max Retries: 3 (Initial + 3 retries)
[INFO] 2026-07-30T14:17:15.265Z - Timestamped evidence directory: C:\abdo\Raghad2\raghad-commerce-platform\tools\audit-toolkit\output\2026-07-30_14-17-15\WA-01_EVIDENCE
[INFO] 2026-07-30T14:17:15.267Z - Starting evidence collection for target: "https://raghadkids.com" (slug: "homepage")...
[INFO] 2026-07-30T14:17:15.267Z - Launching Playwright Chromium browser (headless: true)...
[INFO] 2026-07-30T14:17:15.426Z - Capturing Desktop screenshot (1440x900) for https://raghadkids.com...
[SUCCESS] 2026-07-30T14:17:30.556Z - Desktop screenshot saved: C:\abdo\Raghad2\raghad-commerce-platform\tools\audit-toolkit\output\2026-07-30_14-17-15\WA-01_EVIDENCE\screenshots\desktop\homepage-desktop.png
[INFO] 2026-07-30T14:17:30.572Z - Capturing Mobile screenshot (390x844) for https://raghadkids.com...
[SUCCESS] 2026-07-30T14:17:41.706Z - Mobile screenshot saved: C:\abdo\Raghad2\raghad-commerce-platform\tools\audit-toolkit\output\2026-07-30_14-17-15\WA-01_EVIDENCE\screenshots\mobile\homepage-mobile.png
[INFO] 2026-07-30T14:17:41.713Z - Capturing console logs for https://raghadkids.com...
[SUCCESS] 2026-07-30T14:17:51.545Z - Console log exported: C:\abdo\Raghad2\raghad-commerce-platform\tools\audit-toolkit\output\2026-07-30_14-17-15\WA-01_EVIDENCE\console\console-homepage-errors.log (13 messages)
[INFO] 2026-07-30T14:17:51.553Z - Capturing network HAR for https://raghadkids.com...
[SUCCESS] 2026-07-30T14:17:58.158Z - Network HAR exported: C:\abdo\Raghad2\raghad-commerce-platform\tools\audit-toolkit\output\2026-07-30_14-17-15\WA-01_EVIDENCE\network\network-homepage.har
[INFO] 2026-07-30T14:17:58.479Z - Playwright browser session closed.
[INFO] 2026-07-30T14:17:58.481Z - Launching Lighthouse environment for https://raghadkids.com...
[INFO] 2026-07-30T14:17:58.482Z - Lighthouse using Playwright Chromium binary: C:\Users\m7mad\AppData\Local\ms-playwright\chromium-1234\chrome-win64\chrome.exe
[INFO] 2026-07-30T14:17:58.483Z - Executing Lighthouse Mobile audit...
[SUCCESS] 2026-07-30T14:18:19.269Z - Lighthouse Mobile HTML saved: C:\abdo\Raghad2\raghad-commerce-platform\tools\audit-toolkit\output\2026-07-30_14-17-15\WA-01_EVIDENCE\performance\lighthouse-homepage-mobile.html
[SUCCESS] 2026-07-30T14:18:19.270Z - Lighthouse Mobile JSON saved: C:\abdo\Raghad2\raghad-commerce-platform\tools\audit-toolkit\output\2026-07-30_14-17-15\WA-01_EVIDENCE\performance\lighthouse-homepage-mobile.json
[WARN] 2026-07-30T14:18:19.572Z - Chrome cleanup note: EPERM, Permission denied: \\?\C:\Users\m7mad\AppData\Local\Temp\lighthouse.67056943 '\\?\C:\Users\m7mad\AppData\Local\Temp\lighthouse.67056943'
[INFO] 2026-07-30T14:18:19.574Z - Executing Lighthouse Desktop audit...
[SUCCESS] 2026-07-30T14:18:40.902Z - Lighthouse Desktop HTML saved: C:\abdo\Raghad2\raghad-commerce-platform\tools\audit-toolkit\output\2026-07-30_14-17-15\WA-01_EVIDENCE\performance\lighthouse-homepage-desktop.html
[SUCCESS] 2026-07-30T14:18:40.903Z - Lighthouse Desktop JSON saved: C:\abdo\Raghad2\raghad-commerce-platform\tools\audit-toolkit\output\2026-07-30_14-17-15\WA-01_EVIDENCE\performance\lighthouse-homepage-desktop.json
[WARN] 2026-07-30T14:18:41.221Z - Chrome cleanup note: EPERM, Permission denied: \\?\C:\Users\m7mad\AppData\Local\Temp\lighthouse.80664369 '\\?\C:\Users\m7mad\AppData\Local\Temp\lighthouse.80664369'
[SUCCESS] 2026-07-30T14:18:41.223Z - Evidence collection workflow finished.
[SUCCESS] 2026-07-30T14:18:41.233Z - Technical manifest generated: C:\abdo\Raghad2\raghad-commerce-platform\tools\audit-toolkit\output\2026-07-30_14-17-15\WA-01_EVIDENCE\manifest\manifest.json
[INFO] 2026-07-30T14:18:41.234Z - ====================================================
[SUCCESS] 2026-07-30T14:18:41.236Z -    COLLECTION COMPLETED WITH ZERO ERRORS (8 evidence artifacts)
[INFO] 2026-07-30T14:18:41.238Z - ====================================================
[INFO] 2026-07-30T14:18:41.240Z - ====================================================
[INFO] 2026-07-30T14:18:41.242Z -    STRUCTURED METRICS ANALYZER V1 (AT-02)           
[INFO] 2026-07-30T14:18:41.244Z - ====================================================
[SUCCESS] 2026-07-30T14:18:41.411Z - Normalized analysis document written: C:\abdo\Raghad2\raghad-commerce-platform\tools\audit-toolkit\output\2026-07-30_14-17-15\WA-01_EVIDENCE\analysis\analysis.json
[SUCCESS] 2026-07-30T14:18:41.411Z - Structured Metrics Analysis complete.
[INFO] 2026-07-30T14:18:41.412Z - ====================================================
[INFO] 2026-07-30T14:18:41.414Z -    DETERMINISTIC RULE ENGINE V1 (AT-03)             
[INFO] 2026-07-30T14:18:41.415Z - ====================================================
[INFO] 2026-07-30T14:18:41.418Z - Evaluated 16 rules: 5 PASSED, 11 FAILED, 0 SKIPPED
[SUCCESS] 2026-07-30T14:18:41.420Z - Deterministic rules document written: C:\abdo\Raghad2\raghad-commerce-platform\tools\audit-toolkit\output\2026-07-30_14-17-15\WA-01_EVIDENCE\analysis\rules.json
[SUCCESS] 2026-07-30T14:18:41.422Z - Rule Engine evaluation complete.
[INFO] 2026-07-30T14:18:41.423Z - ====================================================
[INFO] 2026-07-30T14:18:41.424Z -    AUDIT CONTEXT BUILDER V1 (AT-04)                 
[INFO] 2026-07-30T14:18:41.425Z - ====================================================
[SUCCESS] 2026-07-30T14:18:41.435Z - Audit context package written: C:\abdo\Raghad2\raghad-commerce-platform\tools\audit-toolkit\output\2026-07-30_14-17-15\WA-01_EVIDENCE\context\audit-package.json
[SUCCESS] 2026-07-30T14:18:41.436Z - Audit Context Package assembled successfully.

===================================================
RUN START
Run ID: 2026-07-30_14-21-40
Timestamp: 2026-07-30T14:21:40.418Z
Target: https://raghadkids.com
Environment: production
===================================================
[INFO] 2026-07-30T14:21:40.426Z - ====================================================
[INFO] 2026-07-30T14:21:40.428Z -    AUDIT TOOLKIT — COMPLETE PIPELINE V1 (AT-01..05) 
[INFO] 2026-07-30T14:21:40.429Z - ====================================================
[INFO] 2026-07-30T14:21:40.430Z - Run ID / Timestamp: 2026-07-30_14-21-40
[INFO] 2026-07-30T14:21:40.431Z - Loaded configuration for target: https://raghadkids.com
[INFO] 2026-07-30T14:21:40.432Z - Environment: production | Headless: true | Max Retries: 3 (Initial + 3 retries)
[INFO] 2026-07-30T14:21:40.433Z - Timestamped evidence directory: C:\abdo\Raghad2\raghad-commerce-platform\tools\audit-toolkit\output\2026-07-30_14-21-40\WA-01_EVIDENCE
[INFO] 2026-07-30T14:21:40.433Z - Starting evidence collection for target: "https://raghadkids.com" (slug: "homepage")...
[INFO] 2026-07-30T14:21:40.434Z - Launching Playwright Chromium browser (headless: true)...
[INFO] 2026-07-30T14:21:40.622Z - Capturing Desktop screenshot (1440x900) for https://raghadkids.com...
[SUCCESS] 2026-07-30T14:21:50.650Z - Desktop screenshot saved: C:\abdo\Raghad2\raghad-commerce-platform\tools\audit-toolkit\output\2026-07-30_14-21-40\WA-01_EVIDENCE\screenshots\desktop\homepage-desktop.png
[INFO] 2026-07-30T14:21:50.663Z - Capturing Mobile screenshot (390x844) for https://raghadkids.com...
[SUCCESS] 2026-07-30T14:22:03.481Z - Mobile screenshot saved: C:\abdo\Raghad2\raghad-commerce-platform\tools\audit-toolkit\output\2026-07-30_14-21-40\WA-01_EVIDENCE\screenshots\mobile\homepage-mobile.png
[INFO] 2026-07-30T14:22:03.489Z - Capturing console logs for https://raghadkids.com...
[SUCCESS] 2026-07-30T14:22:16.312Z - Console log exported: C:\abdo\Raghad2\raghad-commerce-platform\tools\audit-toolkit\output\2026-07-30_14-21-40\WA-01_EVIDENCE\console\console-homepage-errors.log (13 messages)
[INFO] 2026-07-30T14:22:16.320Z - Capturing network HAR for https://raghadkids.com...
[SUCCESS] 2026-07-30T14:22:23.312Z - Network HAR exported: C:\abdo\Raghad2\raghad-commerce-platform\tools\audit-toolkit\output\2026-07-30_14-21-40\WA-01_EVIDENCE\network\network-homepage.har
[INFO] 2026-07-30T14:22:23.538Z - Playwright browser session closed.
[INFO] 2026-07-30T14:22:23.539Z - Launching Lighthouse environment for https://raghadkids.com...
[INFO] 2026-07-30T14:22:23.540Z - Lighthouse using Playwright Chromium binary: C:\Users\m7mad\AppData\Local\ms-playwright\chromium-1234\chrome-win64\chrome.exe
[INFO] 2026-07-30T14:22:23.541Z - Executing Lighthouse Mobile audit...
[SUCCESS] 2026-07-30T14:22:44.091Z - Lighthouse Mobile HTML saved: C:\abdo\Raghad2\raghad-commerce-platform\tools\audit-toolkit\output\2026-07-30_14-21-40\WA-01_EVIDENCE\performance\lighthouse-homepage-mobile.html
[SUCCESS] 2026-07-30T14:22:44.092Z - Lighthouse Mobile JSON saved: C:\abdo\Raghad2\raghad-commerce-platform\tools\audit-toolkit\output\2026-07-30_14-21-40\WA-01_EVIDENCE\performance\lighthouse-homepage-mobile.json
[WARN] 2026-07-30T14:22:44.364Z - Chrome cleanup note: EPERM, Permission denied: \\?\C:\Users\m7mad\AppData\Local\Temp\lighthouse.63101041 '\\?\C:\Users\m7mad\AppData\Local\Temp\lighthouse.63101041'
[INFO] 2026-07-30T14:22:44.365Z - Executing Lighthouse Desktop audit...
[SUCCESS] 2026-07-30T14:23:07.167Z - Lighthouse Desktop HTML saved: C:\abdo\Raghad2\raghad-commerce-platform\tools\audit-toolkit\output\2026-07-30_14-21-40\WA-01_EVIDENCE\performance\lighthouse-homepage-desktop.html
[SUCCESS] 2026-07-30T14:23:07.169Z - Lighthouse Desktop JSON saved: C:\abdo\Raghad2\raghad-commerce-platform\tools\audit-toolkit\output\2026-07-30_14-21-40\WA-01_EVIDENCE\performance\lighthouse-homepage-desktop.json
[WARN] 2026-07-30T14:23:07.644Z - Chrome cleanup note: EPERM, Permission denied: \\?\C:\Users\m7mad\AppData\Local\Temp\lighthouse.82318908 '\\?\C:\Users\m7mad\AppData\Local\Temp\lighthouse.82318908'
[SUCCESS] 2026-07-30T14:23:07.647Z - Evidence collection workflow finished.
[SUCCESS] 2026-07-30T14:23:07.661Z - Technical manifest generated: C:\abdo\Raghad2\raghad-commerce-platform\tools\audit-toolkit\output\2026-07-30_14-21-40\WA-01_EVIDENCE\manifest\manifest.json
[INFO] 2026-07-30T14:23:07.669Z - ====================================================
[SUCCESS] 2026-07-30T14:23:07.675Z -    COLLECTION COMPLETED WITH ZERO ERRORS (8 evidence artifacts)
[INFO] 2026-07-30T14:23:07.677Z - ====================================================
[INFO] 2026-07-30T14:23:07.681Z - ====================================================
[INFO] 2026-07-30T14:23:07.688Z -    STRUCTURED METRICS ANALYZER V1 (AT-02)           
[INFO] 2026-07-30T14:23:07.695Z - ====================================================
[SUCCESS] 2026-07-30T14:23:07.908Z - Normalized analysis document written: C:\abdo\Raghad2\raghad-commerce-platform\tools\audit-toolkit\output\2026-07-30_14-21-40\WA-01_EVIDENCE\analysis\analysis.json
[SUCCESS] 2026-07-30T14:23:07.910Z - Structured Metrics Analysis complete.
[INFO] 2026-07-30T14:23:07.913Z - ====================================================
[INFO] 2026-07-30T14:23:07.914Z -    DETERMINISTIC RULE ENGINE V1 (AT-03)             
[INFO] 2026-07-30T14:23:07.922Z - ====================================================
[INFO] 2026-07-30T14:23:07.927Z - Evaluated 16 rules: 5 PASSED, 11 FAILED, 0 SKIPPED
[SUCCESS] 2026-07-30T14:23:07.932Z - Deterministic rules document written: C:\abdo\Raghad2\raghad-commerce-platform\tools\audit-toolkit\output\2026-07-30_14-21-40\WA-01_EVIDENCE\analysis\rules.json
[SUCCESS] 2026-07-30T14:23:07.933Z - Rule Engine evaluation complete.
[INFO] 2026-07-30T14:23:07.936Z - ====================================================
[INFO] 2026-07-30T14:23:07.938Z -    DETERMINISTIC FINDING BUILDER V1 (AT-05)         
[INFO] 2026-07-30T14:23:07.939Z - ====================================================
[INFO] 2026-07-30T14:23:07.943Z - Generated 11 findings (2 Critical, 5 High, 4 Medium, 0 Low)
[SUCCESS] 2026-07-30T14:23:07.947Z - Deterministic findings document written: C:\abdo\Raghad2\raghad-commerce-platform\tools\audit-toolkit\output\2026-07-30_14-21-40\WA-01_EVIDENCE\analysis\findings.json
[SUCCESS] 2026-07-30T14:23:07.948Z - Finding Builder execution complete.
[INFO] 2026-07-30T14:23:07.950Z - ====================================================
[INFO] 2026-07-30T14:23:07.952Z -    AUDIT CONTEXT BUILDER V1 (AT-04)                 
[INFO] 2026-07-30T14:23:07.953Z - ====================================================
[SUCCESS] 2026-07-30T14:23:07.967Z - Audit context package written: C:\abdo\Raghad2\raghad-commerce-platform\tools\audit-toolkit\output\2026-07-30_14-21-40\WA-01_EVIDENCE\context\audit-package.json
[SUCCESS] 2026-07-30T14:23:07.969Z - Audit Context Package assembled successfully.

===================================================
RUN START
Run ID: 2026-07-30_14-26-12
Timestamp: 2026-07-30T14:26:12.716Z
Target: https://raghadkids.com
Environment: production
===================================================
[INFO] 2026-07-30T14:26:12.722Z - ====================================================
[INFO] 2026-07-30T14:26:12.723Z -    AUDIT TOOLKIT — COMPLETE PIPELINE V1 (AT-01..06) 
[INFO] 2026-07-30T14:26:12.724Z - ====================================================
[INFO] 2026-07-30T14:26:12.724Z - Run ID / Timestamp: 2026-07-30_14-26-12
[INFO] 2026-07-30T14:26:12.725Z - Loaded configuration for target: https://raghadkids.com
[INFO] 2026-07-30T14:26:12.726Z - Environment: production | Headless: true | Max Retries: 3 | Provider: mock
[INFO] 2026-07-30T14:26:12.727Z - Timestamped evidence directory: C:\abdo\Raghad2\raghad-commerce-platform\tools\audit-toolkit\output\2026-07-30_14-26-12\WA-01_EVIDENCE
[INFO] 2026-07-30T14:26:12.728Z - Starting evidence collection for target: "https://raghadkids.com" (slug: "homepage")...
[INFO] 2026-07-30T14:26:12.728Z - Launching Playwright Chromium browser (headless: true)...
[INFO] 2026-07-30T14:26:12.863Z - Capturing Desktop screenshot (1440x900) for https://raghadkids.com...
[SUCCESS] 2026-07-30T14:26:23.212Z - Desktop screenshot saved: C:\abdo\Raghad2\raghad-commerce-platform\tools\audit-toolkit\output\2026-07-30_14-26-12\WA-01_EVIDENCE\screenshots\desktop\homepage-desktop.png
[INFO] 2026-07-30T14:26:23.231Z - Capturing Mobile screenshot (390x844) for https://raghadkids.com...
[SUCCESS] 2026-07-30T14:26:30.933Z - Mobile screenshot saved: C:\abdo\Raghad2\raghad-commerce-platform\tools\audit-toolkit\output\2026-07-30_14-26-12\WA-01_EVIDENCE\screenshots\mobile\homepage-mobile.png
[INFO] 2026-07-30T14:26:30.941Z - Capturing console logs for https://raghadkids.com...
[SUCCESS] 2026-07-30T14:26:39.099Z - Console log exported: C:\abdo\Raghad2\raghad-commerce-platform\tools\audit-toolkit\output\2026-07-30_14-26-12\WA-01_EVIDENCE\console\console-homepage-errors.log (12 messages)
[INFO] 2026-07-30T14:26:39.109Z - Capturing network HAR for https://raghadkids.com...
[SUCCESS] 2026-07-30T14:26:57.146Z - Network HAR exported: C:\abdo\Raghad2\raghad-commerce-platform\tools\audit-toolkit\output\2026-07-30_14-26-12\WA-01_EVIDENCE\network\network-homepage.har
[INFO] 2026-07-30T14:26:57.395Z - Playwright browser session closed.
[INFO] 2026-07-30T14:26:57.397Z - Launching Lighthouse environment for https://raghadkids.com...
[INFO] 2026-07-30T14:26:57.398Z - Lighthouse using Playwright Chromium binary: C:\Users\m7mad\AppData\Local\ms-playwright\chromium-1234\chrome-win64\chrome.exe
[INFO] 2026-07-30T14:26:57.398Z - Executing Lighthouse Mobile audit...
[SUCCESS] 2026-07-30T14:27:21.528Z - Lighthouse Mobile HTML saved: C:\abdo\Raghad2\raghad-commerce-platform\tools\audit-toolkit\output\2026-07-30_14-26-12\WA-01_EVIDENCE\performance\lighthouse-homepage-mobile.html
[SUCCESS] 2026-07-30T14:27:21.529Z - Lighthouse Mobile JSON saved: C:\abdo\Raghad2\raghad-commerce-platform\tools\audit-toolkit\output\2026-07-30_14-26-12\WA-01_EVIDENCE\performance\lighthouse-homepage-mobile.json
[WARN] 2026-07-30T14:27:21.816Z - Chrome cleanup note: EPERM, Permission denied: \\?\C:\Users\m7mad\AppData\Local\Temp\lighthouse.28236083 '\\?\C:\Users\m7mad\AppData\Local\Temp\lighthouse.28236083'
[INFO] 2026-07-30T14:27:21.817Z - Executing Lighthouse Desktop audit...
[SUCCESS] 2026-07-30T14:27:41.188Z - Lighthouse Desktop HTML saved: C:\abdo\Raghad2\raghad-commerce-platform\tools\audit-toolkit\output\2026-07-30_14-26-12\WA-01_EVIDENCE\performance\lighthouse-homepage-desktop.html
[SUCCESS] 2026-07-30T14:27:41.189Z - Lighthouse Desktop JSON saved: C:\abdo\Raghad2\raghad-commerce-platform\tools\audit-toolkit\output\2026-07-30_14-26-12\WA-01_EVIDENCE\performance\lighthouse-homepage-desktop.json
[WARN] 2026-07-30T14:27:41.488Z - Chrome cleanup note: EPERM, Permission denied: \\?\C:\Users\m7mad\AppData\Local\Temp\lighthouse.66662632 '\\?\C:\Users\m7mad\AppData\Local\Temp\lighthouse.66662632'
[SUCCESS] 2026-07-30T14:27:41.489Z - Evidence collection workflow finished.
[SUCCESS] 2026-07-30T14:27:41.497Z - Technical manifest generated: C:\abdo\Raghad2\raghad-commerce-platform\tools\audit-toolkit\output\2026-07-30_14-26-12\WA-01_EVIDENCE\manifest\manifest.json
[INFO] 2026-07-30T14:27:41.498Z - ====================================================
[SUCCESS] 2026-07-30T14:27:41.499Z -    COLLECTION COMPLETED WITH ZERO ERRORS (8 evidence artifacts)
[INFO] 2026-07-30T14:27:41.500Z - ====================================================
[INFO] 2026-07-30T14:27:41.501Z - ====================================================
[INFO] 2026-07-30T14:27:41.502Z -    STRUCTURED METRICS ANALYZER V1 (AT-02)           
[INFO] 2026-07-30T14:27:41.503Z - ====================================================
[SUCCESS] 2026-07-30T14:27:41.642Z - Normalized analysis document written: C:\abdo\Raghad2\raghad-commerce-platform\tools\audit-toolkit\output\2026-07-30_14-26-12\WA-01_EVIDENCE\analysis\analysis.json
[SUCCESS] 2026-07-30T14:27:41.643Z - Structured Metrics Analysis complete.
[INFO] 2026-07-30T14:27:41.645Z - ====================================================
[INFO] 2026-07-30T14:27:41.645Z -    DETERMINISTIC RULE ENGINE V1 (AT-03)             
[INFO] 2026-07-30T14:27:41.646Z - ====================================================
[INFO] 2026-07-30T14:27:41.649Z - Evaluated 16 rules: 5 PASSED, 11 FAILED, 0 SKIPPED
[SUCCESS] 2026-07-30T14:27:41.651Z - Deterministic rules document written: C:\abdo\Raghad2\raghad-commerce-platform\tools\audit-toolkit\output\2026-07-30_14-26-12\WA-01_EVIDENCE\analysis\rules.json
[SUCCESS] 2026-07-30T14:27:41.652Z - Rule Engine evaluation complete.
[INFO] 2026-07-30T14:27:41.653Z - ====================================================
[INFO] 2026-07-30T14:27:41.654Z -    DETERMINISTIC FINDING BUILDER V1 (AT-05)         
[INFO] 2026-07-30T14:27:41.655Z - ====================================================
[INFO] 2026-07-30T14:27:41.658Z - Generated 11 findings (2 Critical, 5 High, 4 Medium, 0 Low)
[SUCCESS] 2026-07-30T14:27:41.661Z - Deterministic findings document written: C:\abdo\Raghad2\raghad-commerce-platform\tools\audit-toolkit\output\2026-07-30_14-26-12\WA-01_EVIDENCE\analysis\findings.json
[SUCCESS] 2026-07-30T14:27:41.663Z - Finding Builder execution complete.
[INFO] 2026-07-30T14:27:41.664Z - ====================================================
[INFO] 2026-07-30T14:27:41.665Z -    AUDIT CONTEXT BUILDER V1 (AT-04)                 
[INFO] 2026-07-30T14:27:41.666Z - ====================================================
[SUCCESS] 2026-07-30T14:27:41.675Z - Audit context package written: C:\abdo\Raghad2\raghad-commerce-platform\tools\audit-toolkit\output\2026-07-30_14-26-12\WA-01_EVIDENCE\context\audit-package.json
[SUCCESS] 2026-07-30T14:27:41.676Z - Audit Context Package assembled successfully.
[INFO] 2026-07-30T14:27:41.677Z - ====================================================
[INFO] 2026-07-30T14:27:41.678Z -    AI REPORT BUILDER V1 (AT-06)                     
[INFO] 2026-07-30T14:27:41.678Z - ====================================================
[INFO] 2026-07-30T14:27:41.681Z - Generating audit report using provider: "mock"
[INFO] 2026-07-30T14:27:41.683Z - Generated report (v1.0.0) with 11 recommendations using provider "mock"
[SUCCESS] 2026-07-30T14:27:41.686Z - Versioned report document written: C:\abdo\Raghad2\raghad-commerce-platform\tools\audit-toolkit\output\2026-07-30_14-26-12\WA-01_EVIDENCE\context\report.json
[SUCCESS] 2026-07-30T14:27:41.687Z - AI Report Builder execution complete.

===================================================
RUN START
Run ID: 2026-07-30_14-41-15
Timestamp: 2026-07-30T14:41:15.049Z
Target: https://raghadkids.com
Environment: production
===================================================
[INFO] 2026-07-30T14:41:15.063Z - ====================================================
[INFO] 2026-07-30T14:41:15.065Z -    AUDIT TOOLKIT — COMPLETE PIPELINE V1 (AT-01..06) 
[INFO] 2026-07-30T14:41:15.066Z - ====================================================
[INFO] 2026-07-30T14:41:15.068Z - Run ID / Timestamp: 2026-07-30_14-41-15
[INFO] 2026-07-30T14:41:15.069Z - Loaded configuration for target: https://raghadkids.com
[INFO] 2026-07-30T14:41:15.070Z - Environment: production | Headless: true | Max Retries: 3 | Provider: mock
[INFO] 2026-07-30T14:41:15.071Z - Timestamped evidence directory: C:\abdo\Raghad2\raghad-commerce-platform\tools\audit-toolkit\output\2026-07-30_14-41-15\WA-01_EVIDENCE
[INFO] 2026-07-30T14:41:15.072Z - Starting evidence collection for target: "https://raghadkids.com" (slug: "homepage")...
[INFO] 2026-07-30T14:41:15.073Z - Launching Playwright Chromium browser (headless: true)...
[INFO] 2026-07-30T14:41:15.278Z - Capturing Desktop screenshot (1440x900) for https://raghadkids.com...
[SUCCESS] 2026-07-30T14:41:33.219Z - Desktop screenshot saved: C:\abdo\Raghad2\raghad-commerce-platform\tools\audit-toolkit\output\2026-07-30_14-41-15\WA-01_EVIDENCE\screenshots\desktop\homepage-desktop.png
[INFO] 2026-07-30T14:41:33.247Z - Capturing Mobile screenshot (390x844) for https://raghadkids.com...
[SUCCESS] 2026-07-30T14:41:47.249Z - Mobile screenshot saved: C:\abdo\Raghad2\raghad-commerce-platform\tools\audit-toolkit\output\2026-07-30_14-41-15\WA-01_EVIDENCE\screenshots\mobile\homepage-mobile.png
[INFO] 2026-07-30T14:41:47.258Z - Capturing console logs for https://raghadkids.com...
[SUCCESS] 2026-07-30T14:42:02.611Z - Console log exported: C:\abdo\Raghad2\raghad-commerce-platform\tools\audit-toolkit\output\2026-07-30_14-41-15\WA-01_EVIDENCE\console\console-homepage-errors.log (13 messages)
[INFO] 2026-07-30T14:42:02.618Z - Capturing network HAR for https://raghadkids.com...
[SUCCESS] 2026-07-30T14:42:11.694Z - Network HAR exported: C:\abdo\Raghad2\raghad-commerce-platform\tools\audit-toolkit\output\2026-07-30_14-41-15\WA-01_EVIDENCE\network\network-homepage.har
[INFO] 2026-07-30T14:42:11.946Z - Playwright browser session closed.
[INFO] 2026-07-30T14:42:11.947Z - Launching Lighthouse environment for https://raghadkids.com...
[INFO] 2026-07-30T14:42:11.948Z - Lighthouse using Playwright Chromium binary: C:\Users\m7mad\AppData\Local\ms-playwright\chromium-1234\chrome-win64\chrome.exe
[INFO] 2026-07-30T14:42:11.949Z - Executing Lighthouse Mobile audit...
[SUCCESS] 2026-07-30T14:42:40.211Z - Lighthouse Mobile HTML saved: C:\abdo\Raghad2\raghad-commerce-platform\tools\audit-toolkit\output\2026-07-30_14-41-15\WA-01_EVIDENCE\performance\lighthouse-homepage-mobile.html
[SUCCESS] 2026-07-30T14:42:40.212Z - Lighthouse Mobile JSON saved: C:\abdo\Raghad2\raghad-commerce-platform\tools\audit-toolkit\output\2026-07-30_14-41-15\WA-01_EVIDENCE\performance\lighthouse-homepage-mobile.json
[WARN] 2026-07-30T14:42:40.623Z - Chrome cleanup note: EPERM, Permission denied: \\?\C:\Users\m7mad\AppData\Local\Temp\lighthouse.66099346 '\\?\C:\Users\m7mad\AppData\Local\Temp\lighthouse.66099346'
[INFO] 2026-07-30T14:42:40.624Z - Executing Lighthouse Desktop audit...
[SUCCESS] 2026-07-30T14:43:04.226Z - Lighthouse Desktop HTML saved: C:\abdo\Raghad2\raghad-commerce-platform\tools\audit-toolkit\output\2026-07-30_14-41-15\WA-01_EVIDENCE\performance\lighthouse-homepage-desktop.html
[SUCCESS] 2026-07-30T14:43:04.227Z - Lighthouse Desktop JSON saved: C:\abdo\Raghad2\raghad-commerce-platform\tools\audit-toolkit\output\2026-07-30_14-41-15\WA-01_EVIDENCE\performance\lighthouse-homepage-desktop.json
[WARN] 2026-07-30T14:43:04.519Z - Chrome cleanup note: EPERM, Permission denied: \\?\C:\Users\m7mad\AppData\Local\Temp\lighthouse.63067240 '\\?\C:\Users\m7mad\AppData\Local\Temp\lighthouse.63067240'
[SUCCESS] 2026-07-30T14:43:04.521Z - Evidence collection workflow finished.
[SUCCESS] 2026-07-30T14:43:04.529Z - Technical manifest generated: C:\abdo\Raghad2\raghad-commerce-platform\tools\audit-toolkit\output\2026-07-30_14-41-15\WA-01_EVIDENCE\manifest\manifest.json
[INFO] 2026-07-30T14:43:04.530Z - ====================================================
[SUCCESS] 2026-07-30T14:43:04.531Z -    COLLECTION COMPLETED WITH ZERO ERRORS (8 evidence artifacts)
[INFO] 2026-07-30T14:43:04.531Z - ====================================================
[INFO] 2026-07-30T14:43:04.532Z - ====================================================
[INFO] 2026-07-30T14:43:04.533Z -    STRUCTURED METRICS ANALYZER V1 (AT-02)           
[INFO] 2026-07-30T14:43:04.534Z - ====================================================
[SUCCESS] 2026-07-30T14:43:04.691Z - Normalized analysis document written: C:\abdo\Raghad2\raghad-commerce-platform\tools\audit-toolkit\output\2026-07-30_14-41-15\WA-01_EVIDENCE\analysis\analysis.json
[SUCCESS] 2026-07-30T14:43:04.692Z - Structured Metrics Analysis complete.
[INFO] 2026-07-30T14:43:04.693Z - ====================================================
[INFO] 2026-07-30T14:43:04.694Z -    DETERMINISTIC RULE ENGINE V1 (AT-03)             
[INFO] 2026-07-30T14:43:04.695Z - ====================================================
[INFO] 2026-07-30T14:43:04.697Z - Evaluated 16 rules: 5 PASSED, 11 FAILED, 0 SKIPPED
[SUCCESS] 2026-07-30T14:43:04.700Z - Deterministic rules document written: C:\abdo\Raghad2\raghad-commerce-platform\tools\audit-toolkit\output\2026-07-30_14-41-15\WA-01_EVIDENCE\analysis\rules.json
[SUCCESS] 2026-07-30T14:43:04.701Z - Rule Engine evaluation complete.
[INFO] 2026-07-30T14:43:04.702Z - ====================================================
[INFO] 2026-07-30T14:43:04.703Z -    DETERMINISTIC FINDING BUILDER V1 (AT-04)         
[INFO] 2026-07-30T14:43:04.703Z - ====================================================
[INFO] 2026-07-30T14:43:04.707Z - Generated 11 findings (2 Critical, 5 High, 4 Medium, 0 Low)
[SUCCESS] 2026-07-30T14:43:04.709Z - Deterministic findings document written: C:\abdo\Raghad2\raghad-commerce-platform\tools\audit-toolkit\output\2026-07-30_14-41-15\WA-01_EVIDENCE\analysis\findings.json
[SUCCESS] 2026-07-30T14:43:04.710Z - Finding Builder execution complete.
[INFO] 2026-07-30T14:43:04.714Z - ====================================================
[INFO] 2026-07-30T14:43:04.715Z -    AUDIT CONTEXT BUILDER V1 (AT-05)                 
[INFO] 2026-07-30T14:43:04.716Z - ====================================================
[SUCCESS] 2026-07-30T14:43:04.729Z - Audit context package written: C:\abdo\Raghad2\raghad-commerce-platform\tools\audit-toolkit\output\2026-07-30_14-41-15\WA-01_EVIDENCE\context\audit-package.json
[SUCCESS] 2026-07-30T14:43:04.731Z - Audit Context Package assembled successfully.
[INFO] 2026-07-30T14:43:04.733Z - ====================================================
[INFO] 2026-07-30T14:43:04.733Z -    AI REPORT BUILDER V1 (AT-06)                     
[INFO] 2026-07-30T14:43:04.734Z - ====================================================
[INFO] 2026-07-30T14:43:04.736Z - Generating audit report using provider: "mock"
[INFO] 2026-07-30T14:43:04.737Z - Generated report (v1.0.0) with 11 recommendations using provider "mock"
[SUCCESS] 2026-07-30T14:43:04.739Z - Versioned report document written: C:\abdo\Raghad2\raghad-commerce-platform\tools\audit-toolkit\output\2026-07-30_14-41-15\WA-01_EVIDENCE\context\report.json
[SUCCESS] 2026-07-30T14:43:04.740Z - AI Report Builder execution complete.

===================================================
RUN START
Run ID: 2026-08-01_13-05-06
Timestamp: 2026-08-01T13:05:06.809Z
Target: https://raghadkids.com
Environment: production
===================================================
[INFO] 2026-08-01T13:05:06.875Z - ====================================================
[INFO] 2026-08-01T13:05:06.881Z -    AUDIT TOOLKIT — COMPLETE PIPELINE V1 (AT-01..06) 
[INFO] 2026-08-01T13:05:06.886Z - ====================================================
[INFO] 2026-08-01T13:05:06.890Z - Run ID / Timestamp: 2026-08-01_13-05-06
[INFO] 2026-08-01T13:05:06.892Z - Loaded configuration for target: https://raghadkids.com
[INFO] 2026-08-01T13:05:06.895Z - Environment: production | Headless: true | Max Retries: 3 | Provider: mock
[INFO] 2026-08-01T13:05:06.907Z - Timestamped evidence directory: C:\abdo\Projects\raghad-commerce-platform\tools\audit-toolkit\output\2026-08-01_13-05-06\WA-01_EVIDENCE
[INFO] 2026-08-01T13:05:06.913Z - Starting evidence collection for target: "https://raghadkids.com" (slug: "homepage")...
[INFO] 2026-08-01T13:05:06.917Z - Launching Playwright Chromium browser (headless: true)...
[INFO] 2026-08-01T13:05:08.711Z - Capturing Desktop screenshot (1440x900) for https://raghadkids.com...
[SUCCESS] 2026-08-01T13:05:25.237Z - Desktop screenshot saved: C:\abdo\Projects\raghad-commerce-platform\tools\audit-toolkit\output\2026-08-01_13-05-06\WA-01_EVIDENCE\screenshots\desktop\homepage-desktop.png
[INFO] 2026-08-01T13:05:25.328Z - Capturing Mobile screenshot (390x844) for https://raghadkids.com...
[SUCCESS] 2026-08-01T13:05:36.352Z - Mobile screenshot saved: C:\abdo\Projects\raghad-commerce-platform\tools\audit-toolkit\output\2026-08-01_13-05-06\WA-01_EVIDENCE\screenshots\mobile\homepage-mobile.png
[INFO] 2026-08-01T13:05:36.373Z - Capturing console logs for https://raghadkids.com...
[SUCCESS] 2026-08-01T13:05:48.199Z - Console log exported: C:\abdo\Projects\raghad-commerce-platform\tools\audit-toolkit\output\2026-08-01_13-05-06\WA-01_EVIDENCE\console\console-homepage-errors.log (12 messages)
[INFO] 2026-08-01T13:05:48.221Z - Capturing network HAR for https://raghadkids.com...
[SUCCESS] 2026-08-01T13:06:00.149Z - Network HAR exported: C:\abdo\Projects\raghad-commerce-platform\tools\audit-toolkit\output\2026-08-01_13-05-06\WA-01_EVIDENCE\network\network-homepage.har
[INFO] 2026-08-01T13:06:01.311Z - Playwright browser session closed.
[INFO] 2026-08-01T13:06:01.317Z - Launching Lighthouse environment for https://raghadkids.com...
[INFO] 2026-08-01T13:06:01.326Z - Lighthouse using Playwright Chromium binary: C:\Users\m7mad\AppData\Local\ms-playwright\chromium-1234\chrome-win64\chrome.exe
[INFO] 2026-08-01T13:06:01.329Z - Executing Lighthouse Mobile audit...
[SUCCESS] 2026-08-01T13:07:07.851Z - Lighthouse Mobile HTML saved: C:\abdo\Projects\raghad-commerce-platform\tools\audit-toolkit\output\2026-08-01_13-05-06\WA-01_EVIDENCE\performance\lighthouse-homepage-mobile.html
[SUCCESS] 2026-08-01T13:07:07.856Z - Lighthouse Mobile JSON saved: C:\abdo\Projects\raghad-commerce-platform\tools\audit-toolkit\output\2026-08-01_13-05-06\WA-01_EVIDENCE\performance\lighthouse-homepage-mobile.json
[WARN] 2026-08-01T13:07:08.542Z - Chrome cleanup note: EPERM, Permission denied: \\?\C:\Users\m7mad\AppData\Local\Temp\lighthouse.64985509 '\\?\C:\Users\m7mad\AppData\Local\Temp\lighthouse.64985509'
[INFO] 2026-08-01T13:07:08.546Z - Executing Lighthouse Desktop audit...
[SUCCESS] 2026-08-01T13:08:13.895Z - Lighthouse Desktop HTML saved: C:\abdo\Projects\raghad-commerce-platform\tools\audit-toolkit\output\2026-08-01_13-05-06\WA-01_EVIDENCE\performance\lighthouse-homepage-desktop.html
[SUCCESS] 2026-08-01T13:08:13.899Z - Lighthouse Desktop JSON saved: C:\abdo\Projects\raghad-commerce-platform\tools\audit-toolkit\output\2026-08-01_13-05-06\WA-01_EVIDENCE\performance\lighthouse-homepage-desktop.json
[WARN] 2026-08-01T13:08:14.572Z - Chrome cleanup note: EPERM, Permission denied: \\?\C:\Users\m7mad\AppData\Local\Temp\lighthouse.72462581 '\\?\C:\Users\m7mad\AppData\Local\Temp\lighthouse.72462581'
[SUCCESS] 2026-08-01T13:08:14.576Z - Evidence collection workflow finished.
[SUCCESS] 2026-08-01T13:08:14.608Z - Technical manifest generated: C:\abdo\Projects\raghad-commerce-platform\tools\audit-toolkit\output\2026-08-01_13-05-06\WA-01_EVIDENCE\manifest\manifest.json
[INFO] 2026-08-01T13:08:14.611Z - ====================================================
[SUCCESS] 2026-08-01T13:08:14.616Z -    COLLECTION COMPLETED WITH ZERO ERRORS (8 evidence artifacts)
[INFO] 2026-08-01T13:08:14.619Z - ====================================================
[INFO] 2026-08-01T13:08:14.623Z - ====================================================
[INFO] 2026-08-01T13:08:14.626Z -    STRUCTURED METRICS ANALYZER V1 (AT-02)           
[INFO] 2026-08-01T13:08:14.629Z - ====================================================
[SUCCESS] 2026-08-01T13:08:15.324Z - Normalized analysis document written: C:\abdo\Projects\raghad-commerce-platform\tools\audit-toolkit\output\2026-08-01_13-05-06\WA-01_EVIDENCE\analysis\analysis.json
[SUCCESS] 2026-08-01T13:08:15.327Z - Structured Metrics Analysis complete.
[INFO] 2026-08-01T13:08:15.330Z - ====================================================
[INFO] 2026-08-01T13:08:15.332Z -    DETERMINISTIC RULE ENGINE V1 (AT-03)             
[INFO] 2026-08-01T13:08:15.334Z - ====================================================
[INFO] 2026-08-01T13:08:15.343Z - Evaluated 16 rules: 5 PASSED, 11 FAILED, 0 SKIPPED
[SUCCESS] 2026-08-01T13:08:15.352Z - Deterministic rules document written: C:\abdo\Projects\raghad-commerce-platform\tools\audit-toolkit\output\2026-08-01_13-05-06\WA-01_EVIDENCE\analysis\rules.json
[SUCCESS] 2026-08-01T13:08:15.355Z - Rule Engine evaluation complete.
[INFO] 2026-08-01T13:08:15.359Z - ====================================================
[INFO] 2026-08-01T13:08:15.362Z -    DETERMINISTIC FINDING BUILDER V1 (AT-04)         
[INFO] 2026-08-01T13:08:15.367Z - ====================================================
[INFO] 2026-08-01T13:08:15.380Z - Generated 11 findings (2 Critical, 5 High, 4 Medium, 0 Low)
[SUCCESS] 2026-08-01T13:08:15.386Z - Deterministic findings document written: C:\abdo\Projects\raghad-commerce-platform\tools\audit-toolkit\output\2026-08-01_13-05-06\WA-01_EVIDENCE\analysis\findings.json
[SUCCESS] 2026-08-01T13:08:15.389Z - Finding Builder execution complete.
[INFO] 2026-08-01T13:08:15.393Z - ====================================================
[INFO] 2026-08-01T13:08:15.396Z -    AUDIT CONTEXT BUILDER V1 (AT-05)                 
[INFO] 2026-08-01T13:08:15.408Z - ====================================================
[SUCCESS] 2026-08-01T13:08:15.458Z - Audit context package written: C:\abdo\Projects\raghad-commerce-platform\tools\audit-toolkit\output\2026-08-01_13-05-06\WA-01_EVIDENCE\context\audit-package.json
[SUCCESS] 2026-08-01T13:08:15.463Z - Audit Context Package assembled successfully.
[INFO] 2026-08-01T13:08:15.468Z - ====================================================
[INFO] 2026-08-01T13:08:15.472Z -    AI REPORT BUILDER V1 (AT-06)                     
[INFO] 2026-08-01T13:08:15.476Z - ====================================================
[INFO] 2026-08-01T13:08:15.487Z - Generating audit report using provider: "mock"
[INFO] 2026-08-01T13:08:15.495Z - Generated report (v1.0.0) with 11 recommendations using provider "mock"
[SUCCESS] 2026-08-01T13:08:15.505Z - Versioned report document written: C:\abdo\Projects\raghad-commerce-platform\tools\audit-toolkit\output\2026-08-01_13-05-06\WA-01_EVIDENCE\context\report.json
[SUCCESS] 2026-08-01T13:08:15.510Z - AI Report Builder execution complete.
