
===================================================
RUN START
Run ID: 2026-07-30_06-34-38
Timestamp: 2026-07-30T06:34:38.683Z
Target: https://raghadkids.com
Environment: production
===================================================
[INFO] 2026-07-30T06:34:38.690Z - ====================================================
[INFO] 2026-07-30T06:34:38.692Z -    AUDIT TOOLKIT — COLLECTOR V1.1.0 (STABILIZED)   
[INFO] 2026-07-30T06:34:38.693Z - ====================================================
[INFO] 2026-07-30T06:34:38.694Z - Run ID / Timestamp: 2026-07-30_06-34-38
[INFO] 2026-07-30T06:34:38.695Z - Loaded configuration for target: https://raghadkids.com
[INFO] 2026-07-30T06:34:38.696Z - Environment: production | Headless: true | Max Retries: 3 (Initial + 3 retries)
[INFO] 2026-07-30T06:34:38.697Z - Timestamped evidence directory: C:\abdo\Raghad2\raghad-commerce-platform\tools\audit-toolkit\output\2026-07-30_06-34-38\WA-01_EVIDENCE
[INFO] 2026-07-30T06:34:38.698Z - Starting evidence collection for target: "https://raghadkids.com" (slug: "homepage")...
[INFO] 2026-07-30T06:34:38.699Z - Launching Playwright Chromium browser (headless: true)...
[INFO] 2026-07-30T06:34:38.828Z - Capturing Desktop screenshot (1440x900) for https://raghadkids.com...
[SUCCESS] 2026-07-30T06:34:51.723Z - Desktop screenshot saved: C:\abdo\Raghad2\raghad-commerce-platform\tools\audit-toolkit\output\2026-07-30_06-34-38\WA-01_EVIDENCE\screenshots\desktop\homepage-desktop.png
[INFO] 2026-07-30T06:34:51.744Z - Capturing Mobile screenshot (390x844) for https://raghadkids.com...
[SUCCESS] 2026-07-30T06:34:58.638Z - Mobile screenshot saved: C:\abdo\Raghad2\raghad-commerce-platform\tools\audit-toolkit\output\2026-07-30_06-34-38\WA-01_EVIDENCE\screenshots\mobile\homepage-mobile.png
[INFO] 2026-07-30T06:34:58.645Z - Capturing console logs for https://raghadkids.com...
[SUCCESS] 2026-07-30T06:35:06.521Z - Console log exported: C:\abdo\Raghad2\raghad-commerce-platform\tools\audit-toolkit\output\2026-07-30_06-34-38\WA-01_EVIDENCE\console\console-homepage-errors.log (12 messages)
[INFO] 2026-07-30T06:35:06.528Z - Capturing network HAR for https://raghadkids.com...
[SUCCESS] 2026-07-30T06:35:14.537Z - Network HAR exported: C:\abdo\Raghad2\raghad-commerce-platform\tools\audit-toolkit\output\2026-07-30_06-34-38\WA-01_EVIDENCE\network\network-homepage.har
[INFO] 2026-07-30T06:35:14.782Z - Playwright browser session closed.
[INFO] 2026-07-30T06:35:14.783Z - Launching Lighthouse environment for https://raghadkids.com...
[INFO] 2026-07-30T06:35:14.785Z - Lighthouse using Playwright Chromium binary: C:\Users\m7mad\AppData\Local\ms-playwright\chromium-1234\chrome-win64\chrome.exe
[INFO] 2026-07-30T06:35:14.786Z - Executing Lighthouse Mobile audit...
[SUCCESS] 2026-07-30T06:35:37.852Z - Lighthouse Mobile HTML saved: C:\abdo\Raghad2\raghad-commerce-platform\tools\audit-toolkit\output\2026-07-30_06-34-38\WA-01_EVIDENCE\performance\lighthouse-homepage-mobile.html
[SUCCESS] 2026-07-30T06:35:37.853Z - Lighthouse Mobile JSON saved: C:\abdo\Raghad2\raghad-commerce-platform\tools\audit-toolkit\output\2026-07-30_06-34-38\WA-01_EVIDENCE\performance\lighthouse-homepage-mobile.json
[WARN] 2026-07-30T06:35:38.166Z - Chrome cleanup note: EPERM, Permission denied: \\?\C:\Users\m7mad\AppData\Local\Temp\lighthouse.94158705 '\\?\C:\Users\m7mad\AppData\Local\Temp\lighthouse.94158705'
[INFO] 2026-07-30T06:35:38.167Z - Executing Lighthouse Desktop audit...
[SUCCESS] 2026-07-30T06:36:03.218Z - Lighthouse Desktop HTML saved: C:\abdo\Raghad2\raghad-commerce-platform\tools\audit-toolkit\output\2026-07-30_06-34-38\WA-01_EVIDENCE\performance\lighthouse-homepage-desktop.html
[SUCCESS] 2026-07-30T06:36:03.219Z - Lighthouse Desktop JSON saved: C:\abdo\Raghad2\raghad-commerce-platform\tools\audit-toolkit\output\2026-07-30_06-34-38\WA-01_EVIDENCE\performance\lighthouse-homepage-desktop.json
[WARN] 2026-07-30T06:36:03.658Z - Chrome cleanup note: EPERM, Permission denied: \\?\C:\Users\m7mad\AppData\Local\Temp\lighthouse.69380490 '\\?\C:\Users\m7mad\AppData\Local\Temp\lighthouse.69380490'
[SUCCESS] 2026-07-30T06:36:03.659Z - Evidence collection workflow finished.
[SUCCESS] 2026-07-30T06:36:03.674Z - Technical manifest generated: C:\abdo\Raghad2\raghad-commerce-platform\tools\audit-toolkit\output\2026-07-30_06-34-38\WA-01_EVIDENCE\manifest\manifest.json
[INFO] 2026-07-30T06:36:03.676Z - ====================================================
[SUCCESS] 2026-07-30T06:36:03.679Z -    COLLECTION COMPLETED WITH ZERO ERRORS (8 evidence artifacts)
[INFO] 2026-07-30T06:36:03.682Z - ====================================================
